[event=000001] 2026-09-24 10:00:20.183971 [thread=API-0 id=8665295936] x265.cpp:282 [PROCESS stage=program] START argc=34 owner=API-0
[event=000002] 2026-09-24 10:00:20.185377 [thread=API-0 id=8665295936] x265.cpp:304 [PROCESS stage=cli-parse] BEGIN mode=single-encode encodes=1 owner=API-0
[event=000003] 2026-09-24 10:00:20.187622 [thread=API-0 id=8665295936] x265cli.cpp:1042 [THREAD-CONTROL worker=InputReader-0 action=START_REQUEST source=yuv owner=API-0]
[event=000004] 2026-09-24 10:00:20.187677 [thread=API-0 id=8665295936] x265cli.cpp:1046 [THREAD-CONTROL worker=InputReader-0 action=START_RETURN source=yuv owner=API-0]
[event=000005] 2026-09-24 10:00:20.187700 [thread=YUVRead-0 id=6172471296] yuv.cpp:167 [THREAD worker=YUVRead-0 role=input-reader] START owner=YUVInput channel=yuv-ring
[event=000006] 2026-09-24 10:00:20.188077 [thread=YUVRead-0 id=6172471296] yuv.cpp:208 [CHANNEL channel=yuv-ring frame=0] PUBLISH slot=0 object=raw-yuv@0x88a800000 bytes=115200 owner_before=YUVRead-0 owner_after=Reader
[event=000007] 2026-09-24 10:00:20.188239 [thread=API-0 id=8665295936] x265.cpp:333 [PROCESS stage=cli-parse] DONE mode=single-encode encodes=1 owner=API-0
[event=000008] 2026-09-24 10:00:20.188260 [thread=API-0 id=8665295936] x265.cpp:349 [PROCESS stage=encoder-create] BEGIN encodes=1 owner=API-0
[event=000009] 2026-09-24 10:00:20.188273 [thread=API-0 id=8665295936] abrEncApp.cpp:83 [COMPONENT component=AbrEncoder stage=init] BEGIN encodes=1 owner=API-0
[event=000010] 2026-09-24 10:00:20.188324 [thread=API-0 id=8665295936] abrEncApp.cpp:94 [COMPONENT component=PassEncoder-0 stage=init] BEGIN owner=API-0
[event=000011] 2026-09-24 10:00:20.188335 [thread=API-0 id=8665295936] abrEncApp.cpp:326 [ENCODER-API call=encoder_open pass=0] CALL owner_before=API-0 owner_after=Encoder
[event=000012] 2026-09-24 10:00:20.188422 [thread=YUVRead-0 id=6172471296] yuv.cpp:208 [CHANNEL channel=yuv-ring frame=1] PUBLISH slot=1 object=raw-yuv@0x88a820000 bytes=115200 owner_before=YUVRead-0 owner_after=Reader
[event=000013] 2026-09-24 10:00:20.188570 [thread=YUVRead-0 id=6172471296] yuv.cpp:208 [CHANNEL channel=yuv-ring frame=2] PUBLISH slot=2 object=raw-yuv@0x88a840000 bytes=115200 owner_before=YUVRead-0 owner_after=Reader
[event=000014] 2026-09-24 10:00:20.188851 [thread=YUVRead-0 id=6172471296] yuv.cpp:208 [CHANNEL channel=yuv-ring frame=3] PUBLISH slot=3 object=raw-yuv@0x88a860000 bytes=115200 owner_before=YUVRead-0 owner_after=Reader
[event=000015] 2026-09-24 10:00:20.188874 [thread=YUVRead-0 id=6172471296] yuv.cpp:192 [CHANNEL channel=yuv-ring] WAIT_BEGIN reason=queue-full write_count=4 read_count=0 capacity=5 owner=YUVRead-0
[event=000016] 2026-09-24 10:00:20.189205 [thread=API-0 id=8665295936] encoder.cpp:523 [THREAD-CONTROL worker=FrameEncoder-0 action=START_REQUEST owner=API-0]
[event=000017] 2026-09-24 10:00:20.189275 [thread=FrameEncoder id=6173044736] frameencoder.cpp:307 [THREAD worker=FrameEncoder-0 role=frame-worker] START pool=0x0 owner=FrameEncoder
[event=000018] 2026-09-24 10:00:20.189585 [thread=FrameEncoder id=6173044736] frameencoder.cpp:355 [CHANNEL channel=frame-start encoder=0] WAIT_BEGIN reason=no-frame owner=FrameEncoder-0
[event=000019] 2026-09-24 10:00:20.189601 [thread=API-0 id=8665295936] encoder.cpp:528 [THREAD-CONTROL worker=FrameEncoder-0 action=START_READY owner=API-0]
[event=000020] 2026-09-24 10:00:20.190323 [thread=API-0 id=8665295936] abrEncApp.cpp:330 [ENCODER-API call=encoder_open pass=0] RETURN encoder=0x88a8a0000 owner_before=Encoder owner_after=API-0
[event=000021] 2026-09-24 10:00:20.190336 [thread=API-0 id=8665295936] abrEncApp.cpp:104 [COMPONENT component=PassEncoder-0 stage=init] DONE result=0 owner=API-0
[event=000022] 2026-09-24 10:00:20.190363 [thread=API-0 id=8665295936] abrEncApp.cpp:414 [THREAD-CONTROL worker=PassEncoder-0 action=START_REQUEST owner=API-0]
[event=000023] 2026-09-24 10:00:20.190399 [thread=API-0 id=8665295936] abrEncApp.cpp:418 [THREAD-CONTROL worker=PassEncoder-0 action=START_RETURN owner=API-0]
[event=000024] 2026-09-24 10:00:20.190414 [thread=API-0 id=8665295936] abrEncApp.cpp:425 [THREAD-CONTROL worker=Reader-0 action=START_REQUEST owner=API-0]
[event=000025] 2026-09-24 10:00:20.190451 [thread=PassEncoder id=6173618176] abrEncApp.cpp:677 [THREAD worker=PassEncoder-0 role=encode-coordinator] START owner=PassEncoder
[event=000026] 2026-09-24 10:00:20.190469 [thread=API-0 id=8665295936] abrEncApp.cpp:429 [THREAD-CONTROL worker=Reader-0 action=START_RETURN owner=API-0]
[event=000027] 2026-09-24 10:00:20.190483 [thread=API-0 id=8665295936] abrEncApp.cpp:120 [COMPONENT component=AbrEncoder stage=init] DONE encodes=1 owner=API-0
[event=000028] 2026-09-24 10:00:20.190493 [thread=API-0 id=8665295936] x265.cpp:353 [PROCESS stage=encoder-create] DONE encodes=1 result=0 owner=API-0
[event=000029] 2026-09-24 10:00:20.190505 [thread=API-0 id=8665295936] x265.cpp:357 [PROCESS stage=encode-wait] BEGIN active_encodes=1 owner=API-0
[event=000030] 2026-09-24 10:00:20.190519 [thread=Reader id=6174191616] abrEncApp.cpp:1398 [THREAD worker=Reader-0 role=input-copy] START owner=Reader channel=input-pic-buffer
[event=000031] 2026-09-24 10:00:20.190536 [thread=Reader id=6174191616] yuv.cpp:268 [CHANNEL channel=yuv-ring frame=0] RECEIVE slot=0 object=raw-yuv@0x88a800000 bytes=115200 owner_before=YUVRead-0 owner_after=Reader
[event=000032] 2026-09-24 10:00:20.190549 [thread=PassEncoder id=6173618176] abrEncApp.cpp:565 [CHANNEL channel=input-pic-buffer pass=0 frame=0] WAIT_BEGIN reason=queue-empty read_count=0 write_count=0 owner=PassEncoder
[event=000033] 2026-09-24 10:00:20.190569 [thread=YUVRead-0 id=6172471296] yuv.cpp:202 [CHANNEL channel=yuv-ring] WAIT_END reason=space-available write_count=4 read_count=1 owner=YUVRead-0
[event=000034] 2026-09-24 10:00:20.190590 [thread=Reader id=6174191616] abrEncApp.cpp:1459 [CHANNEL channel=input-pic-buffer pass=0 frame=0] PUBLISH slot=0 object=x265-picture@0x88ac98000 pixels=0x88aa94000 bytes=115200 owner_before=Reader owner_after=PassEncoder
[event=000035] 2026-09-24 10:00:20.190603 [thread=Reader id=6174191616] abrEncApp.cpp:1474 [THREAD worker=Reader-0 role=input-copy] STOP reason=input-complete channel=input-pic-buffer
[event=000036] 2026-09-24 10:00:20.190623 [thread=PassEncoder id=6173618176] abrEncApp.cpp:572 [CHANNEL channel=input-pic-buffer pass=0 frame=0] WAIT_END reason=picture-available read_count=0 write_count=1 owner=PassEncoder
[event=000037] 2026-09-24 10:00:20.190639 [thread=PassEncoder id=6173618176] abrEncApp.cpp:665 [CHANNEL channel=input-pic-buffer pass=0 frame=0] RECEIVE slot=0 object=x265-picture@0x88ac98000 pixels=0x88aa94000 owner_before=Reader owner_after=PassEncoder
[event=000038] 2026-09-24 10:00:20.190649 [thread=PassEncoder id=6173618176] abrEncApp.cpp:1029 [ENCODER-API call=encoder_encode pass=0 frame=0] CALL input=x265-picture@0x16ff9ad08 pixels=0x88aa94000 owner_before=PassEncoder owner_after=Encoder
[event=000039] 2026-09-24 10:00:20.190657 [thread=PassEncoder id=6173618176] encoder.cpp:1490 [ENCODER stage=encode] BEGIN mode=submit input=x265-picture@0x16ff9ad08 input_poc=0 owner=Encoder delayed=0
[event=000040] 2026-09-24 10:00:20.190693 [thread=YUVRead-0 id=6172471296] yuv.cpp:208 [CHANNEL channel=yuv-ring frame=4] PUBLISH slot=4 object=raw-yuv@0x88a880000 bytes=115200 owner_before=YUVRead-0 owner_after=Reader
[event=000041] 2026-09-24 10:00:20.190705 [thread=YUVRead-0 id=6172471296] yuv.cpp:192 [CHANNEL channel=yuv-ring] WAIT_BEGIN reason=queue-full write_count=5 read_count=1 capacity=5 owner=YUVRead-0
[event=000042] 2026-09-24 10:00:20.190842 [thread=PassEncoder id=6173618176] encoder.cpp:1987 [CHANNEL channel=lookahead-input frame=0] PUBLISH object=Frame@0x88aab4000 source=Encoder destination=Lookahead owner_before=Encoder owner_after=Lookahead
[event=000043] 2026-09-24 10:00:20.191497 [thread=PassEncoder id=6173618176] encoder.cpp:2603 [CHANNEL channel=frame-start encoder=0 frame=0] HANDOFF object=Frame@0x88aab4000 source=Encoder destination=FrameEncoder-0 owner_before=Encoder owner_after=FrameEncoder
[event=000044] 2026-09-24 10:00:20.191506 [thread=PassEncoder id=6173618176] frameencoder.cpp:290 [CHANNEL channel=frame-start encoder=0 frame=0] PUBLISH object=Frame@0x88aab4000 event=enable owner_before=Encoder owner_after=FrameEncoder-0
[event=000045] 2026-09-24 10:00:20.191542 [thread=PassEncoder id=6173618176] encoder.cpp:2027 [CHANNEL channel=frame-done encoder=0] POLL pass=1 owner=Encoder
[event=000046] 2026-09-24 10:00:20.191549 [thread=PassEncoder id=6173618176] frameencoder.cpp:2645 [CHANNEL channel=frame-done encoder=0 frame=0] WAIT_BEGIN reason=frame-in-progress object=Frame@0x88aab4000 owner=Encoder
[event=000047] 2026-09-24 10:00:20.191558 [thread=FrameEncoder id=6173044736] frameencoder.cpp:359 [CHANNEL channel=frame-start encoder=0 frame=0] WAIT_END reason=frame-ready object=Frame@0x88aab4000 owner=FrameEncoder-0
[event=000048] 2026-09-24 10:00:20.191569 [thread=FrameEncoder id=6173044736] frameencoder.cpp:478 [FRAME encoder=0 frame=0 layer=0] BEGIN object=Frame@0x88aab4000 stage=compress owner=FrameEncoder-0
[event=000049] 2026-09-24 10:00:20.191578 [thread=FrameEncoder id=6173044736] nal.cpp:78 [BITSTREAM stage=nal-serialize nal_index=0 nal_type=32 layer=0 temporal_id=1] BEGIN rbsp=0x88ac08000 rbsp_bytes=19 annexb=1 owner=FrameEncoder
[event=000050] 2026-09-24 10:00:20.191587 [thread=FrameEncoder id=6173044736] nal.cpp:186 [BITSTREAM stage=nal-serialize nal_index=0 nal_type=32] DONE payload=0x88b006700 bytes=28 access_unit_bytes=28 owner=FrameEncoder
[event=000051] 2026-09-24 10:00:20.191594 [thread=FrameEncoder id=6173044736] nal.cpp:78 [BITSTREAM stage=nal-serialize nal_index=1 nal_type=33 layer=0 temporal_id=1] BEGIN rbsp=0x88ac08000 rbsp_bytes=33 annexb=1 owner=FrameEncoder
[event=000052] 2026-09-24 10:00:20.191601 [thread=FrameEncoder id=6173044736] nal.cpp:186 [BITSTREAM stage=nal-serialize nal_index=1 nal_type=33] DONE payload=0x88ac9409c bytes=42 access_unit_bytes=70 owner=FrameEncoder
[event=000053] 2026-09-24 10:00:20.191635 [thread=FrameEncoder id=6173044736] nal.cpp:78 [BITSTREAM stage=nal-serialize nal_index=2 nal_type=34 layer=0 temporal_id=1] BEGIN rbsp=0x88ac08000 rbsp_bytes=4 annexb=1 owner=FrameEncoder
[event=000054] 2026-09-24 10:00:20.191643 [thread=FrameEncoder id=6173044736] nal.cpp:186 [BITSTREAM stage=nal-serialize nal_index=2 nal_type=34] DONE payload=0x88ac940c6 bytes=10 access_unit_bytes=80 owner=FrameEncoder
[event=000055] 2026-09-24 10:00:20.191709 [thread=FrameEncoder id=6173044736] nal.cpp:78 [BITSTREAM stage=nal-serialize nal_index=3 nal_type=39 layer=0 temporal_id=1] BEGIN rbsp=0x88b06e000 rbsp_bytes=2291 annexb=1 owner=FrameEncoder
[event=000056] 2026-09-24 10:00:20.191719 [thread=FrameEncoder id=6173044736] nal.cpp:186 [BITSTREAM stage=nal-serialize nal_index=3 nal_type=39] DONE payload=0x88b100e50 bytes=2296 access_unit_bytes=2376 owner=FrameEncoder
[event=000057] 2026-09-24 10:00:20.191834 [thread=FrameEncoder id=6173044736] frameencoder.cpp:1769 [CTU encoder=0 frame=0 layer=0 ctu=0 row=0 col=0] BEGIN stage=analysis object=CUData@0x88ab48000 owner=FrameEncoder-0
[event=000058] 2026-09-24 10:00:20.193368 [thread=FrameEncoder id=6173044736] frameencoder.cpp:1775 [CTU encoder=0 frame=0 layer=0 ctu=0 row=0 col=0] DONE stage=analysis pred_mode=2 depth=1 rd_cost=51724 bits=3006 owner=FrameEncoder-0
[event=000059] 2026-09-24 10:00:20.193420 [thread=FrameEncoder id=6173044736] frameencoder.cpp:1791 [CTU encoder=0 frame=0 layer=0 ctu=0 row=0 col=0] BEGIN stage=row-context object=CUData@0x88ab48000 owner=FrameEncoder-0
[event=000060] 2026-09-24 10:00:20.193482 [thread=FrameEncoder id=6173044736] frameencoder.cpp:1795 [CTU encoder=0 frame=0 layer=0 ctu=0 row=0 col=0] DONE stage=row-context owner=FrameEncoder-0
[event=000061] 2026-09-24 10:00:20.193493 [thread=FrameEncoder id=6173044736] frameencoder.cpp:1769 [CTU encoder=0 frame=0 layer=0 ctu=1 row=0 col=1] BEGIN stage=analysis object=CUData@0x88ab48218 owner=FrameEncoder-0
[event=000062] 2026-09-24 10:00:20.194207 [thread=FrameEncoder id=6173044736] frameencoder.cpp:1775 [CTU encoder=0 frame=0 layer=0 ctu=1 row=0 col=1] DONE stage=analysis pred_mode=2 depth=1 rd_cost=61202 bits=3256 owner=FrameEncoder-0
[event=000063] 2026-09-24 10:00:20.194233 [thread=FrameEncoder id=6173044736] frameencoder.cpp:1791 [CTU encoder=0 frame=0 layer=0 ctu=1 row=0 col=1] BEGIN stage=row-context object=CUData@0x88ab48218 owner=FrameEncoder-0
[event=000064] 2026-09-24 10:00:20.194301 [thread=FrameEncoder id=6173044736] frameencoder.cpp:1795 [CTU encoder=0 frame=0 layer=0 ctu=1 row=0 col=1] DONE stage=row-context owner=FrameEncoder-0
[event=000065] 2026-09-24 10:00:20.194309 [thread=FrameEncoder id=6173044736] frameencoder.cpp:1769 [CTU encoder=0 frame=0 layer=0 ctu=2 row=0 col=2] BEGIN stage=analysis object=CUData@0x88ab48430 owner=FrameEncoder-0
[event=000066] 2026-09-24 10:00:20.194988 [thread=FrameEncoder id=6173044736] frameencoder.cpp:1775 [CTU encoder=0 frame=0 layer=0 ctu=2 row=0 col=2] DONE stage=analysis pred_mode=2 depth=1 rd_cost=54479 bits=3193 owner=FrameEncoder-0
[event=000067] 2026-09-24 10:00:20.195000 [thread=FrameEncoder id=6173044736] frameencoder.cpp:1791 [CTU encoder=0 frame=0 layer=0 ctu=2 row=0 col=2] BEGIN stage=row-context object=CUData@0x88ab48430 owner=FrameEncoder-0
[event=000068] 2026-09-24 10:00:20.195063 [thread=FrameEncoder id=6173044736] frameencoder.cpp:1795 [CTU encoder=0 frame=0 layer=0 ctu=2 row=0 col=2] DONE stage=row-context owner=FrameEncoder-0
[event=000069] 2026-09-24 10:00:20.195071 [thread=FrameEncoder id=6173044736] frameencoder.cpp:1769 [CTU encoder=0 frame=0 layer=0 ctu=3 row=0 col=3] BEGIN stage=analysis object=CUData@0x88ab48648 owner=FrameEncoder-0
[event=000070] 2026-09-24 10:00:20.195569 [thread=FrameEncoder id=6173044736] frameencoder.cpp:1775 [CTU encoder=0 frame=0 layer=0 ctu=3 row=0 col=3] DONE stage=analysis pred_mode=2 depth=1 rd_cost=42703 bits=2335 owner=FrameEncoder-0
[event=000071] 2026-09-24 10:00:20.195580 [thread=FrameEncoder id=6173044736] frameencoder.cpp:1791 [CTU encoder=0 frame=0 layer=0 ctu=3 row=0 col=3] BEGIN stage=row-context object=CUData@0x88ab48648 owner=FrameEncoder-0
[event=000072] 2026-09-24 10:00:20.195624 [thread=FrameEncoder id=6173044736] frameencoder.cpp:1795 [CTU encoder=0 frame=0 layer=0 ctu=3 row=0 col=3] DONE stage=row-context owner=FrameEncoder-0
[event=000073] 2026-09-24 10:00:20.195631 [thread=FrameEncoder id=6173044736] frameencoder.cpp:1769 [CTU encoder=0 frame=0 layer=0 ctu=4 row=0 col=4] BEGIN stage=analysis object=CUData@0x88ab48860 owner=FrameEncoder-0
[event=000074] 2026-09-24 10:00:20.195828 [thread=FrameEncoder id=6173044736] frameencoder.cpp:1775 [CTU encoder=0 frame=0 layer=0 ctu=4 row=0 col=4] DONE stage=analysis pred_mode=2 depth=0 rd_cost=131 bits=10 owner=FrameEncoder-0
[event=000075] 2026-09-24 10:00:20.195840 [thread=FrameEncoder id=6173044736] frameencoder.cpp:1791 [CTU encoder=0 frame=0 layer=0 ctu=4 row=0 col=4] BEGIN stage=row-context object=CUData@0x88ab48860 owner=FrameEncoder-0
[event=000076] 2026-09-24 10:00:20.195849 [thread=FrameEncoder id=6173044736] frameencoder.cpp:1795 [CTU encoder=0 frame=0 layer=0 ctu=4 row=0 col=4] DONE stage=row-context owner=FrameEncoder-0
[event=000077] 2026-09-24 10:00:20.195855 [thread=FrameEncoder id=6173044736] frameencoder.cpp:1769 [CTU encoder=0 frame=0 layer=0 ctu=5 row=0 col=5] BEGIN stage=analysis object=CUData@0x88ab48a78 owner=FrameEncoder-0
[event=000078] 2026-09-24 10:00:20.196247 [thread=FrameEncoder id=6173044736] frameencoder.cpp:1775 [CTU encoder=0 frame=0 layer=0 ctu=5 row=0 col=5] DONE stage=analysis pred_mode=2 depth=1 rd_cost=14456 bits=792 owner=FrameEncoder-0
[event=000079] 2026-09-24 10:00:20.196257 [thread=FrameEncoder id=6173044736] frameencoder.cpp:1791 [CTU encoder=0 frame=0 layer=0 ctu=5 row=0 col=5] BEGIN stage=row-context object=CUData@0x88ab48a78 owner=FrameEncoder-0
[event=000080] 2026-09-24 10:00:20.196276 [thread=FrameEncoder id=6173044736] frameencoder.cpp:1795 [CTU encoder=0 frame=0 layer=0 ctu=5 row=0 col=5] DONE stage=row-context owner=FrameEncoder-0
[event=000081] 2026-09-24 10:00:20.196283 [thread=FrameEncoder id=6173044736] frameencoder.cpp:1769 [CTU encoder=0 frame=0 layer=0 ctu=6 row=0 col=6] BEGIN stage=analysis object=CUData@0x88ab48c90 owner=FrameEncoder-0
[event=000082] 2026-09-24 10:00:20.196779 [thread=FrameEncoder id=6173044736] frameencoder.cpp:1775 [CTU encoder=0 frame=0 layer=0 ctu=6 row=0 col=6] DONE stage=analysis pred_mode=2 depth=1 rd_cost=29019 bits=1671 owner=FrameEncoder-0
[event=000083] 2026-09-24 10:00:20.196801 [thread=FrameEncoder id=6173044736] frameencoder.cpp:1791 [CTU encoder=0 frame=0 layer=0 ctu=6 row=0 col=6] BEGIN stage=row-context object=CUData@0x88ab48c90 owner=FrameEncoder-0
[event=000084] 2026-09-24 10:00:20.196841 [thread=FrameEncoder id=6173044736] frameencoder.cpp:1795 [CTU encoder=0 frame=0 layer=0 ctu=6 row=0 col=6] DONE stage=row-context owner=FrameEncoder-0
[event=000085] 2026-09-24 10:00:20.196847 [thread=FrameEncoder id=6173044736] frameencoder.cpp:1769 [CTU encoder=0 frame=0 layer=0 ctu=7 row=0 col=7] BEGIN stage=analysis object=CUData@0x88ab48ea8 owner=FrameEncoder-0
[event=000086] 2026-09-24 10:00:20.197020 [thread=FrameEncoder id=6173044736] frameencoder.cpp:1775 [CTU encoder=0 frame=0 layer=0 ctu=7 row=0 col=7] DONE stage=analysis pred_mode=2 depth=0 rd_cost=184 bits=14 owner=FrameEncoder-0
[event=000087] 2026-09-24 10:00:20.197026 [thread=FrameEncoder id=6173044736] frameencoder.cpp:1791 [CTU encoder=0 frame=0 layer=0 ctu=7 row=0 col=7] BEGIN stage=row-context object=CUData@0x88ab48ea8 owner=FrameEncoder-0
[event=000088] 2026-09-24 10:00:20.197032 [thread=FrameEncoder id=6173044736] frameencoder.cpp:1795 [CTU encoder=0 frame=0 layer=0 ctu=7 row=0 col=7] DONE stage=row-context owner=FrameEncoder-0
[event=000089] 2026-09-24 10:00:20.197037 [thread=FrameEncoder id=6173044736] frameencoder.cpp:1769 [CTU encoder=0 frame=0 layer=0 ctu=8 row=0 col=8] BEGIN stage=analysis object=CUData@0x88ab490c0 owner=FrameEncoder-0
[event=000090] 2026-09-24 10:00:20.197324 [thread=FrameEncoder id=6173044736] frameencoder.cpp:1775 [CTU encoder=0 frame=0 layer=0 ctu=8 row=0 col=8] DONE stage=analysis pred_mode=2 depth=1 rd_cost=5113 bits=318 owner=FrameEncoder-0
[event=000091] 2026-09-24 10:00:20.197334 [thread=FrameEncoder id=6173044736] frameencoder.cpp:1791 [CTU encoder=0 frame=0 layer=0 ctu=8 row=0 col=8] BEGIN stage=row-context object=CUData@0x88ab490c0 owner=FrameEncoder-0
[event=000092] 2026-09-24 10:00:20.197345 [thread=FrameEncoder id=6173044736] frameencoder.cpp:1795 [CTU encoder=0 frame=0 layer=0 ctu=8 row=0 col=8] DONE stage=row-context owner=FrameEncoder-0
[event=000093] 2026-09-24 10:00:20.197351 [thread=FrameEncoder id=6173044736] frameencoder.cpp:1769 [CTU encoder=0 frame=0 layer=0 ctu=9 row=0 col=9] BEGIN stage=analysis object=CUData@0x88ab492d8 owner=FrameEncoder-0
[event=000094] 2026-09-24 10:00:20.197521 [thread=FrameEncoder id=6173044736] frameencoder.cpp:1775 [CTU encoder=0 frame=0 layer=0 ctu=9 row=0 col=9] DONE stage=analysis pred_mode=2 depth=0 rd_cost=92 bits=7 owner=FrameEncoder-0
[event=000095] 2026-09-24 10:00:20.197530 [thread=FrameEncoder id=6173044736] frameencoder.cpp:1791 [CTU encoder=0 frame=0 layer=0 ctu=9 row=0 col=9] BEGIN stage=row-context object=CUData@0x88ab492d8 owner=FrameEncoder-0
[event=000096] 2026-09-24 10:00:20.197535 [thread=FrameEncoder id=6173044736] frameencoder.cpp:1795 [CTU encoder=0 frame=0 layer=0 ctu=9 row=0 col=9] DONE stage=row-context owner=FrameEncoder-0
[event=000097] 2026-09-24 10:00:20.197544 [thread=FrameEncoder id=6173044736] frameencoder.cpp:1769 [CTU encoder=0 frame=0 layer=0 ctu=10 row=1 col=0] BEGIN stage=analysis object=CUData@0x88ab494f0 owner=FrameEncoder-0
[event=000098] 2026-09-24 10:00:20.197858 [thread=FrameEncoder id=6173044736] frameencoder.cpp:1775 [CTU encoder=0 frame=0 layer=0 ctu=10 row=1 col=0] DONE stage=analysis pred_mode=2 depth=1 rd_cost=13935 bits=629 owner=FrameEncoder-0
[event=000099] 2026-09-24 10:00:20.197864 [thread=FrameEncoder id=6173044736] frameencoder.cpp:1791 [CTU encoder=0 frame=0 layer=0 ctu=10 row=1 col=0] BEGIN stage=row-context object=CUData@0x88ab494f0 owner=FrameEncoder-0
[event=000100] 2026-09-24 10:00:20.197882 [thread=FrameEncoder id=6173044736] frameencoder.cpp:1795 [CTU encoder=0 frame=0 layer=0 ctu=10 row=1 col=0] DONE stage=row-context owner=FrameEncoder-0
[event=000101] 2026-09-24 10:00:20.197887 [thread=FrameEncoder id=6173044736] frameencoder.cpp:1769 [CTU encoder=0 frame=0 layer=0 ctu=11 row=1 col=1] BEGIN stage=analysis object=CUData@0x88ab49708 owner=FrameEncoder-0
[event=000102] 2026-09-24 10:00:20.198258 [thread=FrameEncoder id=6173044736] frameencoder.cpp:1775 [CTU encoder=0 frame=0 layer=0 ctu=11 row=1 col=1] DONE stage=analysis pred_mode=2 depth=1 rd_cost=24130 bits=1167 owner=FrameEncoder-0
[event=000103] 2026-09-24 10:00:20.198265 [thread=FrameEncoder id=6173044736] frameencoder.cpp:1791 [CTU encoder=0 frame=0 layer=0 ctu=11 row=1 col=1] BEGIN stage=row-context object=CUData@0x88ab49708 owner=FrameEncoder-0
[event=000104] 2026-09-24 10:00:20.198290 [thread=FrameEncoder id=6173044736] frameencoder.cpp:1795 [CTU encoder=0 frame=0 layer=0 ctu=11 row=1 col=1] DONE stage=row-context owner=FrameEncoder-0
[event=000105] 2026-09-24 10:00:20.198295 [thread=FrameEncoder id=6173044736] frameencoder.cpp:1769 [CTU encoder=0 frame=0 layer=0 ctu=12 row=1 col=2] BEGIN stage=analysis object=CUData@0x88ab49920 owner=FrameEncoder-0
[event=000106] 2026-09-24 10:00:20.198593 [thread=FrameEncoder id=6173044736] frameencoder.cpp:1775 [CTU encoder=0 frame=0 layer=0 ctu=12 row=1 col=2] DONE stage=analysis pred_mode=2 depth=1 rd_cost=28243 bits=1210 owner=FrameEncoder-0
[event=000107] 2026-09-24 10:00:20.198599 [thread=FrameEncoder id=6173044736] frameencoder.cpp:1791 [CTU encoder=0 frame=0 layer=0 ctu=12 row=1 col=2] BEGIN stage=row-context object=CUData@0x88ab49920 owner=FrameEncoder-0
[event=000108] 2026-09-24 10:00:20.198624 [thread=FrameEncoder id=6173044736] frameencoder.cpp:1795 [CTU encoder=0 frame=0 layer=0 ctu=12 row=1 col=2] DONE stage=row-context owner=FrameEncoder-0
[event=000109] 2026-09-24 10:00:20.198629 [thread=FrameEncoder id=6173044736] frameencoder.cpp:1769 [CTU encoder=0 frame=0 layer=0 ctu=13 row=1 col=3] BEGIN stage=analysis object=CUData@0x88ab49b38 owner=FrameEncoder-0
[event=000110] 2026-09-24 10:00:20.199114 [thread=FrameEncoder id=6173044736] frameencoder.cpp:1775 [CTU encoder=0 frame=0 layer=0 ctu=13 row=1 col=3] DONE stage=analysis pred_mode=2 depth=1 rd_cost=56493 bits=2692 owner=FrameEncoder-0
[event=000111] 2026-09-24 10:00:20.199121 [thread=FrameEncoder id=6173044736] frameencoder.cpp:1791 [CTU encoder=0 frame=0 layer=0 ctu=13 row=1 col=3] BEGIN stage=row-context object=CUData@0x88ab49b38 owner=FrameEncoder-0
[event=000112] 2026-09-24 10:00:20.199170 [thread=FrameEncoder id=6173044736] frameencoder.cpp:1795 [CTU encoder=0 frame=0 layer=0 ctu=13 row=1 col=3] DONE stage=row-context owner=FrameEncoder-0
[event=000113] 2026-09-24 10:00:20.199175 [thread=FrameEncoder id=6173044736] frameencoder.cpp:1769 [CTU encoder=0 frame=0 layer=0 ctu=14 row=1 col=4] BEGIN stage=analysis object=CUData@0x88ab49d50 owner=FrameEncoder-0
[event=000114] 2026-09-24 10:00:20.199511 [thread=FrameEncoder id=6173044736] frameencoder.cpp:1775 [CTU encoder=0 frame=0 layer=0 ctu=14 row=1 col=4] DONE stage=analysis pred_mode=2 depth=1 rd_cost=27754 bits=1299 owner=FrameEncoder-0
[event=000115] 2026-09-24 10:00:20.199517 [thread=FrameEncoder id=6173044736] frameencoder.cpp:1791 [CTU encoder=0 frame=0 layer=0 ctu=14 row=1 col=4] BEGIN stage=row-context object=CUData@0x88ab49d50 owner=FrameEncoder-0
[event=000116] 2026-09-24 10:00:20.199546 [thread=FrameEncoder id=6173044736] frameencoder.cpp:1795 [CTU encoder=0 frame=0 layer=0 ctu=14 row=1 col=4] DONE stage=row-context owner=FrameEncoder-0
[event=000117] 2026-09-24 10:00:20.199551 [thread=FrameEncoder id=6173044736] frameencoder.cpp:1769 [CTU encoder=0 frame=0 layer=0 ctu=15 row=1 col=5] BEGIN stage=analysis object=CUData@0x88ab49f68 owner=FrameEncoder-0
[event=000118] 2026-09-24 10:00:20.199957 [thread=FrameEncoder id=6173044736] frameencoder.cpp:1775 [CTU encoder=0 frame=0 layer=0 ctu=15 row=1 col=5] DONE stage=analysis pred_mode=2 depth=1 rd_cost=18788 bits=955 owner=FrameEncoder-0
[event=000119] 2026-09-24 10:00:20.199996 [thread=FrameEncoder id=6173044736] frameencoder.cpp:1791 [CTU encoder=0 frame=0 layer=0 ctu=15 row=1 col=5] BEGIN stage=row-context object=CUData@0x88ab49f68 owner=FrameEncoder-0
[event=000120] 2026-09-24 10:00:20.200039 [thread=FrameEncoder id=6173044736] frameencoder.cpp:1795 [CTU encoder=0 frame=0 layer=0 ctu=15 row=1 col=5] DONE stage=row-context owner=FrameEncoder-0
[event=000121] 2026-09-24 10:00:20.200047 [thread=FrameEncoder id=6173044736] frameencoder.cpp:1769 [CTU encoder=0 frame=0 layer=0 ctu=16 row=1 col=6] BEGIN stage=analysis object=CUData@0x88ab4a180 owner=FrameEncoder-0
[event=000122] 2026-09-24 10:00:20.200363 [thread=FrameEncoder id=6173044736] frameencoder.cpp:1775 [CTU encoder=0 frame=0 layer=0 ctu=16 row=1 col=6] DONE stage=analysis pred_mode=2 depth=1 rd_cost=16663 bits=952 owner=FrameEncoder-0
[event=000123] 2026-09-24 10:00:20.200372 [thread=FrameEncoder id=6173044736] frameencoder.cpp:1791 [CTU encoder=0 frame=0 layer=0 ctu=16 row=1 col=6] BEGIN stage=row-context object=CUData@0x88ab4a180 owner=FrameEncoder-0
[event=000124] 2026-09-24 10:00:20.200392 [thread=FrameEncoder id=6173044736] frameencoder.cpp:1795 [CTU encoder=0 frame=0 layer=0 ctu=16 row=1 col=6] DONE stage=row-context owner=FrameEncoder-0
[event=000125] 2026-09-24 10:00:20.200398 [thread=FrameEncoder id=6173044736] frameencoder.cpp:1769 [CTU encoder=0 frame=0 layer=0 ctu=17 row=1 col=7] BEGIN stage=analysis object=CUData@0x88ab4a398 owner=FrameEncoder-0
[event=000126] 2026-09-24 10:00:20.200751 [thread=FrameEncoder id=6173044736] frameencoder.cpp:1775 [CTU encoder=0 frame=0 layer=0 ctu=17 row=1 col=7] DONE stage=analysis pred_mode=2 depth=1 rd_cost=24249 bits=1157 owner=FrameEncoder-0
[event=000127] 2026-09-24 10:00:20.200759 [thread=FrameEncoder id=6173044736] frameencoder.cpp:1791 [CTU encoder=0 frame=0 layer=0 ctu=17 row=1 col=7] BEGIN stage=row-context object=CUData@0x88ab4a398 owner=FrameEncoder-0
[event=000128] 2026-09-24 10:00:20.200783 [thread=FrameEncoder id=6173044736] frameencoder.cpp:1795 [CTU encoder=0 frame=0 layer=0 ctu=17 row=1 col=7] DONE stage=row-context owner=FrameEncoder-0
[event=000129] 2026-09-24 10:00:20.200789 [thread=FrameEncoder id=6173044736] frameencoder.cpp:1769 [CTU encoder=0 frame=0 layer=0 ctu=18 row=1 col=8] BEGIN stage=analysis object=CUData@0x88ab4a5b0 owner=FrameEncoder-0
[event=000130] 2026-09-24 10:00:20.201019 [thread=FrameEncoder id=6173044736] frameencoder.cpp:1775 [CTU encoder=0 frame=0 layer=0 ctu=18 row=1 col=8] DONE stage=analysis pred_mode=2 depth=0 rd_cost=1040 bits=11 owner=FrameEncoder-0
[event=000131] 2026-09-24 10:00:20.201026 [thread=FrameEncoder id=6173044736] frameencoder.cpp:1791 [CTU encoder=0 frame=0 layer=0 ctu=18 row=1 col=8] BEGIN stage=row-context object=CUData@0x88ab4a5b0 owner=FrameEncoder-0
[event=000132] 2026-09-24 10:00:20.201032 [thread=FrameEncoder id=6173044736] frameencoder.cpp:1795 [CTU encoder=0 frame=0 layer=0 ctu=18 row=1 col=8] DONE stage=row-context owner=FrameEncoder-0
[event=000133] 2026-09-24 10:00:20.201037 [thread=FrameEncoder id=6173044736] frameencoder.cpp:1769 [CTU encoder=0 frame=0 layer=0 ctu=19 row=1 col=9] BEGIN stage=analysis object=CUData@0x88ab4a7c8 owner=FrameEncoder-0
[event=000134] 2026-09-24 10:00:20.201204 [thread=FrameEncoder id=6173044736] frameencoder.cpp:1775 [CTU encoder=0 frame=0 layer=0 ctu=19 row=1 col=9] DONE stage=analysis pred_mode=2 depth=0 rd_cost=65 bits=5 owner=FrameEncoder-0
[event=000135] 2026-09-24 10:00:20.201211 [thread=FrameEncoder id=6173044736] frameencoder.cpp:1791 [CTU encoder=0 frame=0 layer=0 ctu=19 row=1 col=9] BEGIN stage=row-context object=CUData@0x88ab4a7c8 owner=FrameEncoder-0
[event=000136] 2026-09-24 10:00:20.201216 [thread=FrameEncoder id=6173044736] frameencoder.cpp:1795 [CTU encoder=0 frame=0 layer=0 ctu=19 row=1 col=9] DONE stage=row-context owner=FrameEncoder-0
[event=000137] 2026-09-24 10:00:20.201273 [thread=FrameEncoder id=6173044736] frameencoder.cpp:1769 [CTU encoder=0 frame=0 layer=0 ctu=20 row=2 col=0] BEGIN stage=analysis object=CUData@0x88ab4a9e0 owner=FrameEncoder-0
[event=000138] 2026-09-24 10:00:20.201455 [thread=FrameEncoder id=6173044736] frameencoder.cpp:1775 [CTU encoder=0 frame=0 layer=0 ctu=20 row=2 col=0] DONE stage=analysis pred_mode=2 depth=1 rd_cost=346 bits=22 owner=FrameEncoder-0
[event=000139] 2026-09-24 10:00:20.201470 [thread=FrameEncoder id=6173044736] frameencoder.cpp:1791 [CTU encoder=0 frame=0 layer=0 ctu=20 row=2 col=0] BEGIN stage=row-context object=CUData@0x88ab4a9e0 owner=FrameEncoder-0
[event=000140] 2026-09-24 10:00:20.201476 [thread=FrameEncoder id=6173044736] frameencoder.cpp:1795 [CTU encoder=0 frame=0 layer=0 ctu=20 row=2 col=0] DONE stage=row-context owner=FrameEncoder-0
[event=000141] 2026-09-24 10:00:20.201484 [thread=FrameEncoder id=6173044736] frameencoder.cpp:1769 [CTU encoder=0 frame=0 layer=0 ctu=21 row=2 col=1] BEGIN stage=analysis object=CUData@0x88ab4abf8 owner=FrameEncoder-0
[event=000142] 2026-09-24 10:00:20.201771 [thread=FrameEncoder id=6173044736] frameencoder.cpp:1775 [CTU encoder=0 frame=0 layer=0 ctu=21 row=2 col=1] DONE stage=analysis pred_mode=2 depth=1 rd_cost=1578 bits=40 owner=FrameEncoder-0
[event=000143] 2026-09-24 10:00:20.201794 [thread=FrameEncoder id=6173044736] frameencoder.cpp:1791 [CTU encoder=0 frame=0 layer=0 ctu=21 row=2 col=1] BEGIN stage=row-context object=CUData@0x88ab4abf8 owner=FrameEncoder-0
[event=000144] 2026-09-24 10:00:20.201802 [thread=FrameEncoder id=6173044736] frameencoder.cpp:1795 [CTU encoder=0 frame=0 layer=0 ctu=21 row=2 col=1] DONE stage=row-context owner=FrameEncoder-0
[event=000145] 2026-09-24 10:00:20.201808 [thread=FrameEncoder id=6173044736] frameencoder.cpp:1769 [CTU encoder=0 frame=0 layer=0 ctu=22 row=2 col=2] BEGIN stage=analysis object=CUData@0x88ab4ae10 owner=FrameEncoder-0
[event=000146] 2026-09-24 10:00:20.202041 [thread=FrameEncoder id=6173044736] frameencoder.cpp:1775 [CTU encoder=0 frame=0 layer=0 ctu=22 row=2 col=2] DONE stage=analysis pred_mode=2 depth=0 rd_cost=211 bits=16 owner=FrameEncoder-0
[event=000147] 2026-09-24 10:00:20.202050 [thread=FrameEncoder id=6173044736] frameencoder.cpp:1791 [CTU encoder=0 frame=0 layer=0 ctu=22 row=2 col=2] BEGIN stage=row-context object=CUData@0x88ab4ae10 owner=FrameEncoder-0
[event=000148] 2026-09-24 10:00:20.202056 [thread=FrameEncoder id=6173044736] frameencoder.cpp:1795 [CTU encoder=0 frame=0 layer=0 ctu=22 row=2 col=2] DONE stage=row-context owner=FrameEncoder-0
[event=000149] 2026-09-24 10:00:20.202061 [thread=FrameEncoder id=6173044736] frameencoder.cpp:1769 [CTU encoder=0 frame=0 layer=0 ctu=23 row=2 col=3] BEGIN stage=analysis object=CUData@0x88ab4b028 owner=FrameEncoder-0
[event=000150] 2026-09-24 10:00:20.202362 [thread=FrameEncoder id=6173044736] frameencoder.cpp:1775 [CTU encoder=0 frame=0 layer=0 ctu=23 row=2 col=3] DONE stage=analysis pred_mode=2 depth=1 rd_cost=4459 bits=250 owner=FrameEncoder-0
[event=000151] 2026-09-24 10:00:20.202372 [thread=FrameEncoder id=6173044736] frameencoder.cpp:1791 [CTU encoder=0 frame=0 layer=0 ctu=23 row=2 col=3] BEGIN stage=row-context object=CUData@0x88ab4b028 owner=FrameEncoder-0
[event=000152] 2026-09-24 10:00:20.202384 [thread=FrameEncoder id=6173044736] frameencoder.cpp:1795 [CTU encoder=0 frame=0 layer=0 ctu=23 row=2 col=3] DONE stage=row-context owner=FrameEncoder-0
[event=000153] 2026-09-24 10:00:20.202390 [thread=FrameEncoder id=6173044736] frameencoder.cpp:1769 [CTU encoder=0 frame=0 layer=0 ctu=24 row=2 col=4] BEGIN stage=analysis object=CUData@0x88ab4b240 owner=FrameEncoder-0
[event=000154] 2026-09-24 10:00:20.202765 [thread=FrameEncoder id=6173044736] frameencoder.cpp:1775 [CTU encoder=0 frame=0 layer=0 ctu=24 row=2 col=4] DONE stage=analysis pred_mode=2 depth=1 rd_cost=28106 bits=1321 owner=FrameEncoder-0
[event=000155] 2026-09-24 10:00:20.202772 [thread=FrameEncoder id=6173044736] frameencoder.cpp:1791 [CTU encoder=0 frame=0 layer=0 ctu=24 row=2 col=4] BEGIN stage=row-context object=CUData@0x88ab4b240 owner=FrameEncoder-0
[event=000156] 2026-09-24 10:00:20.202802 [thread=FrameEncoder id=6173044736] frameencoder.cpp:1795 [CTU encoder=0 frame=0 layer=0 ctu=24 row=2 col=4] DONE stage=row-context owner=FrameEncoder-0
[event=000157] 2026-09-24 10:00:20.202807 [thread=FrameEncoder id=6173044736] frameencoder.cpp:1769 [CTU encoder=0 frame=0 layer=0 ctu=25 row=2 col=5] BEGIN stage=analysis object=CUData@0x88ab4b458 owner=FrameEncoder-0
[event=000158] 2026-09-24 10:00:20.203281 [thread=FrameEncoder id=6173044736] frameencoder.cpp:1775 [CTU encoder=0 frame=0 layer=0 ctu=25 row=2 col=5] DONE stage=analysis pred_mode=2 depth=0 rd_cost=61956 bits=2987 owner=FrameEncoder-0
[event=000159] 2026-09-24 10:00:20.203290 [thread=FrameEncoder id=6173044736] frameencoder.cpp:1791 [CTU encoder=0 frame=0 layer=0 ctu=25 row=2 col=5] BEGIN stage=row-context object=CUData@0x88ab4b458 owner=FrameEncoder-0
[event=000160] 2026-09-24 10:00:20.203343 [thread=FrameEncoder id=6173044736] frameencoder.cpp:1795 [CTU encoder=0 frame=0 layer=0 ctu=25 row=2 col=5] DONE stage=row-context owner=FrameEncoder-0
[event=000161] 2026-09-24 10:00:20.203350 [thread=FrameEncoder id=6173044736] frameencoder.cpp:1769 [CTU encoder=0 frame=0 layer=0 ctu=26 row=2 col=6] BEGIN stage=analysis object=CUData@0x88ab4b670 owner=FrameEncoder-0
[event=000162] 2026-09-24 10:00:20.203773 [thread=FrameEncoder id=6173044736] frameencoder.cpp:1775 [CTU encoder=0 frame=0 layer=0 ctu=26 row=2 col=6] DONE stage=analysis pred_mode=2 depth=1 rd_cost=36200 bits=1536 owner=FrameEncoder-0
[event=000163] 2026-09-24 10:00:20.203781 [thread=FrameEncoder id=6173044736] frameencoder.cpp:1791 [CTU encoder=0 frame=0 layer=0 ctu=26 row=2 col=6] BEGIN stage=row-context object=CUData@0x88ab4b670 owner=FrameEncoder-0
[event=000164] 2026-09-24 10:00:20.203814 [thread=FrameEncoder id=6173044736] frameencoder.cpp:1795 [CTU encoder=0 frame=0 layer=0 ctu=26 row=2 col=6] DONE stage=row-context owner=FrameEncoder-0
[event=000165] 2026-09-24 10:00:20.203820 [thread=FrameEncoder id=6173044736] frameencoder.cpp:1769 [CTU encoder=0 frame=0 layer=0 ctu=27 row=2 col=7] BEGIN stage=analysis object=CUData@0x88ab4b888 owner=FrameEncoder-0
[event=000166] 2026-09-24 10:00:20.204163 [thread=FrameEncoder id=6173044736] frameencoder.cpp:1775 [CTU encoder=0 frame=0 layer=0 ctu=27 row=2 col=7] DONE stage=analysis pred_mode=2 depth=1 rd_cost=19274 bits=766 owner=FrameEncoder-0
[event=000167] 2026-09-24 10:00:20.204170 [thread=FrameEncoder id=6173044736] frameencoder.cpp:1791 [CTU encoder=0 frame=0 layer=0 ctu=27 row=2 col=7] BEGIN stage=row-context object=CUData@0x88ab4b888 owner=FrameEncoder-0
[event=000168] 2026-09-24 10:00:20.204191 [thread=FrameEncoder id=6173044736] frameencoder.cpp:1795 [CTU encoder=0 frame=0 layer=0 ctu=27 row=2 col=7] DONE stage=row-context owner=FrameEncoder-0
[event=000169] 2026-09-24 10:00:20.204196 [thread=FrameEncoder id=6173044736] frameencoder.cpp:1769 [CTU encoder=0 frame=0 layer=0 ctu=28 row=2 col=8] BEGIN stage=analysis object=CUData@0x88ab4baa0 owner=FrameEncoder-0
[event=000170] 2026-09-24 10:00:20.204457 [thread=FrameEncoder id=6173044736] frameencoder.cpp:1775 [CTU encoder=0 frame=0 layer=0 ctu=28 row=2 col=8] DONE stage=analysis pred_mode=2 depth=0 rd_cost=987 bits=7 owner=FrameEncoder-0
[event=000171] 2026-09-24 10:00:20.204474 [thread=FrameEncoder id=6173044736] frameencoder.cpp:1791 [CTU encoder=0 frame=0 layer=0 ctu=28 row=2 col=8] BEGIN stage=row-context object=CUData@0x88ab4baa0 owner=FrameEncoder-0
[event=000172] 2026-09-24 10:00:20.204480 [thread=FrameEncoder id=6173044736] frameencoder.cpp:1795 [CTU encoder=0 frame=0 layer=0 ctu=28 row=2 col=8] DONE stage=row-context owner=FrameEncoder-0
[event=000173] 2026-09-24 10:00:20.204509 [thread=FrameEncoder id=6173044736] frameencoder.cpp:1769 [CTU encoder=0 frame=0 layer=0 ctu=29 row=2 col=9] BEGIN stage=analysis object=CUData@0x88ab4bcb8 owner=FrameEncoder-0
[event=000174] 2026-09-24 10:00:20.204734 [thread=FrameEncoder id=6173044736] frameencoder.cpp:1775 [CTU encoder=0 frame=0 layer=0 ctu=29 row=2 col=9] DONE stage=analysis pred_mode=2 depth=0 rd_cost=79 bits=6 owner=FrameEncoder-0
[event=000175] 2026-09-24 10:00:20.204762 [thread=FrameEncoder id=6173044736] frameencoder.cpp:1791 [CTU encoder=0 frame=0 layer=0 ctu=29 row=2 col=9] BEGIN stage=row-context object=CUData@0x88ab4bcb8 owner=FrameEncoder-0
[event=000176] 2026-09-24 10:00:20.204771 [thread=FrameEncoder id=6173044736] frameencoder.cpp:1795 [CTU encoder=0 frame=0 layer=0 ctu=29 row=2 col=9] DONE stage=row-context owner=FrameEncoder-0
[event=000177] 2026-09-24 10:00:20.204885 [thread=FrameEncoder id=6173044736] frameencoder.cpp:1769 [CTU encoder=0 frame=0 layer=0 ctu=30 row=3 col=0] BEGIN stage=analysis object=CUData@0x88ab4bed0 owner=FrameEncoder-0
[event=000178] 2026-09-24 10:00:20.205079 [thread=FrameEncoder id=6173044736] frameencoder.cpp:1775 [CTU encoder=0 frame=0 layer=0 ctu=30 row=3 col=0] DONE stage=analysis pred_mode=2 depth=0 rd_cost=65 bits=5 owner=FrameEncoder-0
[event=000179] 2026-09-24 10:00:20.205093 [thread=FrameEncoder id=6173044736] frameencoder.cpp:1791 [CTU encoder=0 frame=0 layer=0 ctu=30 row=3 col=0] BEGIN stage=row-context object=CUData@0x88ab4bed0 owner=FrameEncoder-0
[event=000180] 2026-09-24 10:00:20.205098 [thread=FrameEncoder id=6173044736] frameencoder.cpp:1795 [CTU encoder=0 frame=0 layer=0 ctu=30 row=3 col=0] DONE stage=row-context owner=FrameEncoder-0
[event=000181] 2026-09-24 10:00:20.205104 [thread=FrameEncoder id=6173044736] frameencoder.cpp:1769 [CTU encoder=0 frame=0 layer=0 ctu=31 row=3 col=1] BEGIN stage=analysis object=CUData@0x88ab4c0e8 owner=FrameEncoder-0
[event=000182] 2026-09-24 10:00:20.205323 [thread=FrameEncoder id=6173044736] frameencoder.cpp:1775 [CTU encoder=0 frame=0 layer=0 ctu=31 row=3 col=1] DONE stage=analysis pred_mode=2 depth=1 rd_cost=1306 bits=20 owner=FrameEncoder-0
[event=000183] 2026-09-24 10:00:20.205330 [thread=FrameEncoder id=6173044736] frameencoder.cpp:1791 [CTU encoder=0 frame=0 layer=0 ctu=31 row=3 col=1] BEGIN stage=row-context object=CUData@0x88ab4c0e8 owner=FrameEncoder-0
[event=000184] 2026-09-24 10:00:20.205336 [thread=FrameEncoder id=6173044736] frameencoder.cpp:1795 [CTU encoder=0 frame=0 layer=0 ctu=31 row=3 col=1] DONE stage=row-context owner=FrameEncoder-0
[event=000185] 2026-09-24 10:00:20.205344 [thread=FrameEncoder id=6173044736] frameencoder.cpp:1769 [CTU encoder=0 frame=0 layer=0 ctu=32 row=3 col=2] BEGIN stage=analysis object=CUData@0x88ab4c300 owner=FrameEncoder-0
[event=000186] 2026-09-24 10:00:20.205509 [thread=FrameEncoder id=6173044736] frameencoder.cpp:1775 [CTU encoder=0 frame=0 layer=0 ctu=32 row=3 col=2] DONE stage=analysis pred_mode=2 depth=0 rd_cost=52 bits=4 owner=FrameEncoder-0
[event=000187] 2026-09-24 10:00:20.205515 [thread=FrameEncoder id=6173044736] frameencoder.cpp:1791 [CTU encoder=0 frame=0 layer=0 ctu=32 row=3 col=2] BEGIN stage=row-context object=CUData@0x88ab4c300 owner=FrameEncoder-0
[event=000188] 2026-09-24 10:00:20.205520 [thread=FrameEncoder id=6173044736] frameencoder.cpp:1795 [CTU encoder=0 frame=0 layer=0 ctu=32 row=3 col=2] DONE stage=row-context owner=FrameEncoder-0
[event=000189] 2026-09-24 10:00:20.205524 [thread=FrameEncoder id=6173044736] frameencoder.cpp:1769 [CTU encoder=0 frame=0 layer=0 ctu=33 row=3 col=3] BEGIN stage=analysis object=CUData@0x88ab4c518 owner=FrameEncoder-0
[event=000190] 2026-09-24 10:00:20.205706 [thread=FrameEncoder id=6173044736] frameencoder.cpp:1775 [CTU encoder=0 frame=0 layer=0 ctu=33 row=3 col=3] DONE stage=analysis pred_mode=2 depth=0 rd_cost=1086 bits=4 owner=FrameEncoder-0
[event=000191] 2026-09-24 10:00:20.205714 [thread=FrameEncoder id=6173044736] frameencoder.cpp:1791 [CTU encoder=0 frame=0 layer=0 ctu=33 row=3 col=3] BEGIN stage=row-context object=CUData@0x88ab4c518 owner=FrameEncoder-0
[event=000192] 2026-09-24 10:00:20.205719 [thread=FrameEncoder id=6173044736] frameencoder.cpp:1795 [CTU encoder=0 frame=0 layer=0 ctu=33 row=3 col=3] DONE stage=row-context owner=FrameEncoder-0
[event=000193] 2026-09-24 10:00:20.205723 [thread=FrameEncoder id=6173044736] frameencoder.cpp:1769 [CTU encoder=0 frame=0 layer=0 ctu=34 row=3 col=4] BEGIN stage=analysis object=CUData@0x88ab4c730 owner=FrameEncoder-0
[event=000194] 2026-09-24 10:00:20.205887 [thread=FrameEncoder id=6173044736] frameencoder.cpp:1775 [CTU encoder=0 frame=0 layer=0 ctu=34 row=3 col=4] DONE stage=analysis pred_mode=2 depth=0 rd_cost=39 bits=3 owner=FrameEncoder-0
[event=000195] 2026-09-24 10:00:20.205895 [thread=FrameEncoder id=6173044736] frameencoder.cpp:1791 [CTU encoder=0 frame=0 layer=0 ctu=34 row=3 col=4] BEGIN stage=row-context object=CUData@0x88ab4c730 owner=FrameEncoder-0
[event=000196] 2026-09-24 10:00:20.205909 [thread=FrameEncoder id=6173044736] frameencoder.cpp:1795 [CTU encoder=0 frame=0 layer=0 ctu=34 row=3 col=4] DONE stage=row-context owner=FrameEncoder-0
[event=000197] 2026-09-24 10:00:20.205915 [thread=FrameEncoder id=6173044736] frameencoder.cpp:1769 [CTU encoder=0 frame=0 layer=0 ctu=35 row=3 col=5] BEGIN stage=analysis object=CUData@0x88ab4c948 owner=FrameEncoder-0
[event=000198] 2026-09-24 10:00:20.206098 [thread=FrameEncoder id=6173044736] frameencoder.cpp:1775 [CTU encoder=0 frame=0 layer=0 ctu=35 row=3 col=5] DONE stage=analysis pred_mode=2 depth=1 rd_cost=2523 bits=141 owner=FrameEncoder-0
[event=000199] 2026-09-24 10:00:20.206107 [thread=FrameEncoder id=6173044736] frameencoder.cpp:1791 [CTU encoder=0 frame=0 layer=0 ctu=35 row=3 col=5] BEGIN stage=row-context object=CUData@0x88ab4c948 owner=FrameEncoder-0
[event=000200] 2026-09-24 10:00:20.206116 [thread=FrameEncoder id=6173044736] frameencoder.cpp:1795 [CTU encoder=0 frame=0 layer=0 ctu=35 row=3 col=5] DONE stage=row-context owner=FrameEncoder-0
[event=000201] 2026-09-24 10:00:20.206121 [thread=FrameEncoder id=6173044736] frameencoder.cpp:1769 [CTU encoder=0 frame=0 layer=0 ctu=36 row=3 col=6] BEGIN stage=analysis object=CUData@0x88ab4cb60 owner=FrameEncoder-0
[event=000202] 2026-09-24 10:00:20.206417 [thread=FrameEncoder id=6173044736] frameencoder.cpp:1775 [CTU encoder=0 frame=0 layer=0 ctu=36 row=3 col=6] DONE stage=analysis pred_mode=2 depth=1 rd_cost=17368 bits=903 owner=FrameEncoder-0
[event=000203] 2026-09-24 10:00:20.206425 [thread=FrameEncoder id=6173044736] frameencoder.cpp:1791 [CTU encoder=0 frame=0 layer=0 ctu=36 row=3 col=6] BEGIN stage=row-context object=CUData@0x88ab4cb60 owner=FrameEncoder-0
[event=000204] 2026-09-24 10:00:20.206459 [thread=FrameEncoder id=6173044736] frameencoder.cpp:1795 [CTU encoder=0 frame=0 layer=0 ctu=36 row=3 col=6] DONE stage=row-context owner=FrameEncoder-0
[event=000205] 2026-09-24 10:00:20.206465 [thread=FrameEncoder id=6173044736] frameencoder.cpp:1769 [CTU encoder=0 frame=0 layer=0 ctu=37 row=3 col=7] BEGIN stage=analysis object=CUData@0x88ab4cd78 owner=FrameEncoder-0
[event=000206] 2026-09-24 10:00:20.206779 [thread=FrameEncoder id=6173044736] frameencoder.cpp:1775 [CTU encoder=0 frame=0 layer=0 ctu=37 row=3 col=7] DONE stage=analysis pred_mode=2 depth=1 rd_cost=19913 bits=822 owner=FrameEncoder-0
[event=000207] 2026-09-24 10:00:20.206786 [thread=FrameEncoder id=6173044736] frameencoder.cpp:1791 [CTU encoder=0 frame=0 layer=0 ctu=37 row=3 col=7] BEGIN stage=row-context object=CUData@0x88ab4cd78 owner=FrameEncoder-0
[event=000208] 2026-09-24 10:00:20.206807 [thread=FrameEncoder id=6173044736] frameencoder.cpp:1795 [CTU encoder=0 frame=0 layer=0 ctu=37 row=3 col=7] DONE stage=row-context owner=FrameEncoder-0
[event=000209] 2026-09-24 10:00:20.206813 [thread=FrameEncoder id=6173044736] frameencoder.cpp:1769 [CTU encoder=0 frame=0 layer=0 ctu=38 row=3 col=8] BEGIN stage=analysis object=CUData@0x88ab4cf90 owner=FrameEncoder-0
[event=000210] 2026-09-24 10:00:20.207255 [thread=FrameEncoder id=6173044736] frameencoder.cpp:1775 [CTU encoder=0 frame=0 layer=0 ctu=38 row=3 col=8] DONE stage=analysis pred_mode=2 depth=0 rd_cost=54227 bits=2781 owner=FrameEncoder-0
[event=000211] 2026-09-24 10:00:20.207290 [thread=FrameEncoder id=6173044736] frameencoder.cpp:1791 [CTU encoder=0 frame=0 layer=0 ctu=38 row=3 col=8] BEGIN stage=row-context object=CUData@0x88ab4cf90 owner=FrameEncoder-0
[event=000212] 2026-09-24 10:00:20.207336 [thread=FrameEncoder id=6173044736] frameencoder.cpp:1795 [CTU encoder=0 frame=0 layer=0 ctu=38 row=3 col=8] DONE stage=row-context owner=FrameEncoder-0
[event=000213] 2026-09-24 10:00:20.207344 [thread=FrameEncoder id=6173044736] frameencoder.cpp:1769 [CTU encoder=0 frame=0 layer=0 ctu=39 row=3 col=9] BEGIN stage=analysis object=CUData@0x88ab4d1a8 owner=FrameEncoder-0
[event=000214] 2026-09-24 10:00:20.207754 [thread=FrameEncoder id=6173044736] frameencoder.cpp:1775 [CTU encoder=0 frame=0 layer=0 ctu=39 row=3 col=9] DONE stage=analysis pred_mode=2 depth=1 rd_cost=47895 bits=2394 owner=FrameEncoder-0
[event=000215] 2026-09-24 10:00:20.207777 [thread=FrameEncoder id=6173044736] frameencoder.cpp:1791 [CTU encoder=0 frame=0 layer=0 ctu=39 row=3 col=9] BEGIN stage=row-context object=CUData@0x88ab4d1a8 owner=FrameEncoder-0
[event=000216] 2026-09-24 10:00:20.207816 [thread=FrameEncoder id=6173044736] frameencoder.cpp:1795 [CTU encoder=0 frame=0 layer=0 ctu=39 row=3 col=9] DONE stage=row-context owner=FrameEncoder-0
[event=000217] 2026-09-24 10:00:20.207855 [thread=FrameEncoder id=6173044736] frameencoder.cpp:1769 [CTU encoder=0 frame=0 layer=0 ctu=40 row=4 col=0] BEGIN stage=analysis object=CUData@0x88ab4d3c0 owner=FrameEncoder-0
[event=000218] 2026-09-24 10:00:20.208035 [thread=FrameEncoder id=6173044736] frameencoder.cpp:1775 [CTU encoder=0 frame=0 layer=0 ctu=40 row=4 col=0] DONE stage=analysis pred_mode=2 depth=0 rd_cost=79 bits=6 owner=FrameEncoder-0
[event=000219] 2026-09-24 10:00:20.208048 [thread=FrameEncoder id=6173044736] frameencoder.cpp:1791 [CTU encoder=0 frame=0 layer=0 ctu=40 row=4 col=0] BEGIN stage=row-context object=CUData@0x88ab4d3c0 owner=FrameEncoder-0
[event=000220] 2026-09-24 10:00:20.208054 [thread=FrameEncoder id=6173044736] frameencoder.cpp:1795 [CTU encoder=0 frame=0 layer=0 ctu=40 row=4 col=0] DONE stage=row-context owner=FrameEncoder-0
[event=000221] 2026-09-24 10:00:20.208059 [thread=FrameEncoder id=6173044736] frameencoder.cpp:1769 [CTU encoder=0 frame=0 layer=0 ctu=41 row=4 col=1] BEGIN stage=analysis object=CUData@0x88ab4d5d8 owner=FrameEncoder-0
[event=000222] 2026-09-24 10:00:20.208278 [thread=FrameEncoder id=6173044736] frameencoder.cpp:1775 [CTU encoder=0 frame=0 layer=0 ctu=41 row=4 col=1] DONE stage=analysis pred_mode=2 depth=1 rd_cost=1333 bits=22 owner=FrameEncoder-0
[event=000223] 2026-09-24 10:00:20.208285 [thread=FrameEncoder id=6173044736] frameencoder.cpp:1791 [CTU encoder=0 frame=0 layer=0 ctu=41 row=4 col=1] BEGIN stage=row-context object=CUData@0x88ab4d5d8 owner=FrameEncoder-0
[event=000224] 2026-09-24 10:00:20.208290 [thread=FrameEncoder id=6173044736] frameencoder.cpp:1795 [CTU encoder=0 frame=0 layer=0 ctu=41 row=4 col=1] DONE stage=row-context owner=FrameEncoder-0
[event=000225] 2026-09-24 10:00:20.208299 [thread=FrameEncoder id=6173044736] frameencoder.cpp:1769 [CTU encoder=0 frame=0 layer=0 ctu=42 row=4 col=2] BEGIN stage=analysis object=CUData@0x88ab4d7f0 owner=FrameEncoder-0
[event=000226] 2026-09-24 10:00:20.208478 [thread=FrameEncoder id=6173044736] frameencoder.cpp:1775 [CTU encoder=0 frame=0 layer=0 ctu=42 row=4 col=2] DONE stage=analysis pred_mode=2 depth=0 rd_cost=52 bits=4 owner=FrameEncoder-0
[event=000227] 2026-09-24 10:00:20.208493 [thread=FrameEncoder id=6173044736] frameencoder.cpp:1791 [CTU encoder=0 frame=0 layer=0 ctu=42 row=4 col=2] BEGIN stage=row-context object=CUData@0x88ab4d7f0 owner=FrameEncoder-0
[event=000228] 2026-09-24 10:00:20.208500 [thread=FrameEncoder id=6173044736] frameencoder.cpp:1795 [CTU encoder=0 frame=0 layer=0 ctu=42 row=4 col=2] DONE stage=row-context owner=FrameEncoder-0
[event=000229] 2026-09-24 10:00:20.208505 [thread=FrameEncoder id=6173044736] frameencoder.cpp:1769 [CTU encoder=0 frame=0 layer=0 ctu=43 row=4 col=3] BEGIN stage=analysis object=CUData@0x88ab4da08 owner=FrameEncoder-0
[event=000230] 2026-09-24 10:00:20.208696 [thread=FrameEncoder id=6173044736] frameencoder.cpp:1775 [CTU encoder=0 frame=0 layer=0 ctu=43 row=4 col=3] DONE stage=analysis pred_mode=2 depth=0 rd_cost=1086 bits=4 owner=FrameEncoder-0
[event=000231] 2026-09-24 10:00:20.208704 [thread=FrameEncoder id=6173044736] frameencoder.cpp:1791 [CTU encoder=0 frame=0 layer=0 ctu=43 row=4 col=3] BEGIN stage=row-context object=CUData@0x88ab4da08 owner=FrameEncoder-0
[event=000232] 2026-09-24 10:00:20.208709 [thread=FrameEncoder id=6173044736] frameencoder.cpp:1795 [CTU encoder=0 frame=0 layer=0 ctu=43 row=4 col=3] DONE stage=row-context owner=FrameEncoder-0
[event=000233] 2026-09-24 10:00:20.208714 [thread=FrameEncoder id=6173044736] frameencoder.cpp:1769 [CTU encoder=0 frame=0 layer=0 ctu=44 row=4 col=4] BEGIN stage=analysis object=CUData@0x88ab4dc20 owner=FrameEncoder-0
[event=000234] 2026-09-24 10:00:20.208892 [thread=FrameEncoder id=6173044736] frameencoder.cpp:1775 [CTU encoder=0 frame=0 layer=0 ctu=44 row=4 col=4] DONE stage=analysis pred_mode=2 depth=0 rd_cost=52 bits=4 owner=FrameEncoder-0
[event=000235] 2026-09-24 10:00:20.208899 [thread=FrameEncoder id=6173044736] frameencoder.cpp:1791 [CTU encoder=0 frame=0 layer=0 ctu=44 row=4 col=4] BEGIN stage=row-context object=CUData@0x88ab4dc20 owner=FrameEncoder-0
[event=000236] 2026-09-24 10:00:20.208903 [thread=FrameEncoder id=6173044736] frameencoder.cpp:1795 [CTU encoder=0 frame=0 layer=0 ctu=44 row=4 col=4] DONE stage=row-context owner=FrameEncoder-0
[event=000237] 2026-09-24 10:00:20.208908 [thread=FrameEncoder id=6173044736] frameencoder.cpp:1769 [CTU encoder=0 frame=0 layer=0 ctu=45 row=4 col=5] BEGIN stage=analysis object=CUData@0x88ab4de38 owner=FrameEncoder-0
[event=000238] 2026-09-24 10:00:20.209067 [thread=FrameEncoder id=6173044736] frameencoder.cpp:1775 [CTU encoder=0 frame=0 layer=0 ctu=45 row=4 col=5] DONE stage=analysis pred_mode=2 depth=0 rd_cost=39 bits=3 owner=FrameEncoder-0
[event=000239] 2026-09-24 10:00:20.209073 [thread=FrameEncoder id=6173044736] frameencoder.cpp:1791 [CTU encoder=0 frame=0 layer=0 ctu=45 row=4 col=5] BEGIN stage=row-context object=CUData@0x88ab4de38 owner=FrameEncoder-0
[event=000240] 2026-09-24 10:00:20.209078 [thread=FrameEncoder id=6173044736] frameencoder.cpp:1795 [CTU encoder=0 frame=0 layer=0 ctu=45 row=4 col=5] DONE stage=row-context owner=FrameEncoder-0
[event=000241] 2026-09-24 10:00:20.209082 [thread=FrameEncoder id=6173044736] frameencoder.cpp:1769 [CTU encoder=0 frame=0 layer=0 ctu=46 row=4 col=6] BEGIN stage=analysis object=CUData@0x88ab4e050 owner=FrameEncoder-0
[event=000242] 2026-09-24 10:00:20.209323 [thread=FrameEncoder id=6173044736] frameencoder.cpp:1775 [CTU encoder=0 frame=0 layer=0 ctu=46 row=4 col=6] DONE stage=analysis pred_mode=2 depth=1 rd_cost=16898 bits=788 owner=FrameEncoder-0
[event=000243] 2026-09-24 10:00:20.209329 [thread=FrameEncoder id=6173044736] frameencoder.cpp:1791 [CTU encoder=0 frame=0 layer=0 ctu=46 row=4 col=6] BEGIN stage=row-context object=CUData@0x88ab4e050 owner=FrameEncoder-0
[event=000244] 2026-09-24 10:00:20.209347 [thread=FrameEncoder id=6173044736] frameencoder.cpp:1795 [CTU encoder=0 frame=0 layer=0 ctu=46 row=4 col=6] DONE stage=row-context owner=FrameEncoder-0
[event=000245] 2026-09-24 10:00:20.209351 [thread=FrameEncoder id=6173044736] frameencoder.cpp:1769 [CTU encoder=0 frame=0 layer=0 ctu=47 row=4 col=7] BEGIN stage=analysis object=CUData@0x88ab4e268 owner=FrameEncoder-0
[event=000246] 2026-09-24 10:00:20.209708 [thread=FrameEncoder id=6173044736] frameencoder.cpp:1775 [CTU encoder=0 frame=0 layer=0 ctu=47 row=4 col=7] DONE stage=analysis pred_mode=2 depth=1 rd_cost=34983 bits=1714 owner=FrameEncoder-0
[event=000247] 2026-09-24 10:00:20.209714 [thread=FrameEncoder id=6173044736] frameencoder.cpp:1791 [CTU encoder=0 frame=0 layer=0 ctu=47 row=4 col=7] BEGIN stage=row-context object=CUData@0x88ab4e268 owner=FrameEncoder-0
[event=000248] 2026-09-24 10:00:20.209744 [thread=FrameEncoder id=6173044736] frameencoder.cpp:1795 [CTU encoder=0 frame=0 layer=0 ctu=47 row=4 col=7] DONE stage=row-context owner=FrameEncoder-0
[event=000249] 2026-09-24 10:00:20.209749 [thread=FrameEncoder id=6173044736] frameencoder.cpp:1769 [CTU encoder=0 frame=0 layer=0 ctu=48 row=4 col=8] BEGIN stage=analysis object=CUData@0x88ab4e480 owner=FrameEncoder-0
[event=000250] 2026-09-24 10:00:20.210007 [thread=FrameEncoder id=6173044736] frameencoder.cpp:1775 [CTU encoder=0 frame=0 layer=0 ctu=48 row=4 col=8] DONE stage=analysis pred_mode=2 depth=1 rd_cost=18899 bits=955 owner=FrameEncoder-0
[event=000251] 2026-09-24 10:00:20.210013 [thread=FrameEncoder id=6173044736] frameencoder.cpp:1791 [CTU encoder=0 frame=0 layer=0 ctu=48 row=4 col=8] BEGIN stage=row-context object=CUData@0x88ab4e480 owner=FrameEncoder-0
[event=000252] 2026-09-24 10:00:20.210039 [thread=FrameEncoder id=6173044736] frameencoder.cpp:1795 [CTU encoder=0 frame=0 layer=0 ctu=48 row=4 col=8] DONE stage=row-context owner=FrameEncoder-0
[event=000253] 2026-09-24 10:00:20.210044 [thread=FrameEncoder id=6173044736] frameencoder.cpp:1769 [CTU encoder=0 frame=0 layer=0 ctu=49 row=4 col=9] BEGIN stage=analysis object=CUData@0x88ab4e698 owner=FrameEncoder-0
[event=000254] 2026-09-24 10:00:20.210411 [thread=FrameEncoder id=6173044736] frameencoder.cpp:1775 [CTU encoder=0 frame=0 layer=0 ctu=49 row=4 col=9] DONE stage=analysis pred_mode=2 depth=1 rd_cost=29717 bits=1428 owner=FrameEncoder-0
[event=000255] 2026-09-24 10:00:20.210419 [thread=FrameEncoder id=6173044736] frameencoder.cpp:1791 [CTU encoder=0 frame=0 layer=0 ctu=49 row=4 col=9] BEGIN stage=row-context object=CUData@0x88ab4e698 owner=FrameEncoder-0
[event=000256] 2026-09-24 10:00:20.210458 [thread=FrameEncoder id=6173044736] frameencoder.cpp:1795 [CTU encoder=0 frame=0 layer=0 ctu=49 row=4 col=9] DONE stage=row-context owner=FrameEncoder-0
[event=000257] 2026-09-24 10:00:20.210508 [thread=FrameEncoder id=6173044736] frameencoder.cpp:1769 [CTU encoder=0 frame=0 layer=0 ctu=50 row=5 col=0] BEGIN stage=analysis object=CUData@0x88ab4e8b0 owner=FrameEncoder-0
[event=000258] 2026-09-24 10:00:20.210675 [thread=FrameEncoder id=6173044736] frameencoder.cpp:1775 [CTU encoder=0 frame=0 layer=0 ctu=50 row=5 col=0] DONE stage=analysis pred_mode=2 depth=0 rd_cost=52 bits=4 owner=FrameEncoder-0
[event=000259] 2026-09-24 10:00:20.210681 [thread=FrameEncoder id=6173044736] frameencoder.cpp:1791 [CTU encoder=0 frame=0 layer=0 ctu=50 row=5 col=0] BEGIN stage=row-context object=CUData@0x88ab4e8b0 owner=FrameEncoder-0
[event=000260] 2026-09-24 10:00:20.210687 [thread=FrameEncoder id=6173044736] frameencoder.cpp:1795 [CTU encoder=0 frame=0 layer=0 ctu=50 row=5 col=0] DONE stage=row-context owner=FrameEncoder-0
[event=000261] 2026-09-24 10:00:20.210692 [thread=FrameEncoder id=6173044736] frameencoder.cpp:1769 [CTU encoder=0 frame=0 layer=0 ctu=51 row=5 col=1] BEGIN stage=analysis object=CUData@0x88ab4eac8 owner=FrameEncoder-0
[event=000262] 2026-09-24 10:00:20.210909 [thread=FrameEncoder id=6173044736] frameencoder.cpp:1775 [CTU encoder=0 frame=0 layer=0 ctu=51 row=5 col=1] DONE stage=analysis pred_mode=2 depth=1 rd_cost=1280 bits=18 owner=FrameEncoder-0
[event=000263] 2026-09-24 10:00:20.210916 [thread=FrameEncoder id=6173044736] frameencoder.cpp:1791 [CTU encoder=0 frame=0 layer=0 ctu=51 row=5 col=1] BEGIN stage=row-context object=CUData@0x88ab4eac8 owner=FrameEncoder-0
[event=000264] 2026-09-24 10:00:20.210921 [thread=FrameEncoder id=6173044736] frameencoder.cpp:1795 [CTU encoder=0 frame=0 layer=0 ctu=51 row=5 col=1] DONE stage=row-context owner=FrameEncoder-0
[event=000265] 2026-09-24 10:00:20.210926 [thread=FrameEncoder id=6173044736] frameencoder.cpp:1769 [CTU encoder=0 frame=0 layer=0 ctu=52 row=5 col=2] BEGIN stage=analysis object=CUData@0x88ab4ece0 owner=FrameEncoder-0
[event=000266] 2026-09-24 10:00:20.211260 [thread=FrameEncoder id=6173044736] frameencoder.cpp:1775 [CTU encoder=0 frame=0 layer=0 ctu=52 row=5 col=2] DONE stage=analysis pred_mode=2 depth=0 rd_cost=23441 bits=1250 owner=FrameEncoder-0
[event=000267] 2026-09-24 10:00:20.211268 [thread=FrameEncoder id=6173044736] frameencoder.cpp:1791 [CTU encoder=0 frame=0 layer=0 ctu=52 row=5 col=2] BEGIN stage=row-context object=CUData@0x88ab4ece0 owner=FrameEncoder-0
[event=000268] 2026-09-24 10:00:20.211295 [thread=FrameEncoder id=6173044736] frameencoder.cpp:1795 [CTU encoder=0 frame=0 layer=0 ctu=52 row=5 col=2] DONE stage=row-context owner=FrameEncoder-0
[event=000269] 2026-09-24 10:00:20.211304 [thread=FrameEncoder id=6173044736] frameencoder.cpp:1769 [CTU encoder=0 frame=0 layer=0 ctu=53 row=5 col=3] BEGIN stage=analysis object=CUData@0x88ab4eef8 owner=FrameEncoder-0
[event=000270] 2026-09-24 10:00:20.211490 [thread=FrameEncoder id=6173044736] frameencoder.cpp:1775 [CTU encoder=0 frame=0 layer=0 ctu=53 row=5 col=3] DONE stage=analysis pred_mode=2 depth=0 rd_cost=1086 bits=4 owner=FrameEncoder-0
[event=000271] 2026-09-24 10:00:20.211505 [thread=FrameEncoder id=6173044736] frameencoder.cpp:1791 [CTU encoder=0 frame=0 layer=0 ctu=53 row=5 col=3] BEGIN stage=row-context object=CUData@0x88ab4eef8 owner=FrameEncoder-0
[event=000272] 2026-09-24 10:00:20.211510 [thread=FrameEncoder id=6173044736] frameencoder.cpp:1795 [CTU encoder=0 frame=0 layer=0 ctu=53 row=5 col=3] DONE stage=row-context owner=FrameEncoder-0
[event=000273] 2026-09-24 10:00:20.211515 [thread=FrameEncoder id=6173044736] frameencoder.cpp:1769 [CTU encoder=0 frame=0 layer=0 ctu=54 row=5 col=4] BEGIN stage=analysis object=CUData@0x88ab4f110 owner=FrameEncoder-0
[event=000274] 2026-09-24 10:00:20.211676 [thread=FrameEncoder id=6173044736] frameencoder.cpp:1775 [CTU encoder=0 frame=0 layer=0 ctu=54 row=5 col=4] DONE stage=analysis pred_mode=2 depth=0 rd_cost=39 bits=3 owner=FrameEncoder-0
[event=000275] 2026-09-24 10:00:20.211682 [thread=FrameEncoder id=6173044736] frameencoder.cpp:1791 [CTU encoder=0 frame=0 layer=0 ctu=54 row=5 col=4] BEGIN stage=row-context object=CUData@0x88ab4f110 owner=FrameEncoder-0
[event=000276] 2026-09-24 10:00:20.211686 [thread=FrameEncoder id=6173044736] frameencoder.cpp:1795 [CTU encoder=0 frame=0 layer=0 ctu=54 row=5 col=4] DONE stage=row-context owner=FrameEncoder-0
[event=000277] 2026-09-24 10:00:20.211691 [thread=FrameEncoder id=6173044736] frameencoder.cpp:1769 [CTU encoder=0 frame=0 layer=0 ctu=55 row=5 col=5] BEGIN stage=analysis object=CUData@0x88ab4f328 owner=FrameEncoder-0
[event=000278] 2026-09-24 10:00:20.211850 [thread=FrameEncoder id=6173044736] frameencoder.cpp:1775 [CTU encoder=0 frame=0 layer=0 ctu=55 row=5 col=5] DONE stage=analysis pred_mode=2 depth=0 rd_cost=39 bits=3 owner=FrameEncoder-0
[event=000279] 2026-09-24 10:00:20.211855 [thread=FrameEncoder id=6173044736] frameencoder.cpp:1791 [CTU encoder=0 frame=0 layer=0 ctu=55 row=5 col=5] BEGIN stage=row-context object=CUData@0x88ab4f328 owner=FrameEncoder-0
[event=000280] 2026-09-24 10:00:20.211860 [thread=FrameEncoder id=6173044736] frameencoder.cpp:1795 [CTU encoder=0 frame=0 layer=0 ctu=55 row=5 col=5] DONE stage=row-context owner=FrameEncoder-0
[event=000281] 2026-09-24 10:00:20.211864 [thread=FrameEncoder id=6173044736] frameencoder.cpp:1769 [CTU encoder=0 frame=0 layer=0 ctu=56 row=5 col=6] BEGIN stage=analysis object=CUData@0x88ab4f540 owner=FrameEncoder-0
[event=000282] 2026-09-24 10:00:20.212368 [thread=FrameEncoder id=6173044736] frameencoder.cpp:1775 [CTU encoder=0 frame=0 layer=0 ctu=56 row=5 col=6] DONE stage=analysis pred_mode=2 depth=0 rd_cost=83681 bits=4523 owner=FrameEncoder-0
[event=000283] 2026-09-24 10:00:20.212374 [thread=FrameEncoder id=6173044736] frameencoder.cpp:1791 [CTU encoder=0 frame=0 layer=0 ctu=56 row=5 col=6] BEGIN stage=row-context object=CUData@0x88ab4f540 owner=FrameEncoder-0
[event=000284] 2026-09-24 10:00:20.212436 [thread=FrameEncoder id=6173044736] frameencoder.cpp:1795 [CTU encoder=0 frame=0 layer=0 ctu=56 row=5 col=6] DONE stage=row-context owner=FrameEncoder-0
[event=000285] 2026-09-24 10:00:20.212441 [thread=FrameEncoder id=6173044736] frameencoder.cpp:1769 [CTU encoder=0 frame=0 layer=0 ctu=57 row=5 col=7] BEGIN stage=analysis object=CUData@0x88ab4f758 owner=FrameEncoder-0
[event=000286] 2026-09-24 10:00:20.212886 [thread=FrameEncoder id=6173044736] frameencoder.cpp:1775 [CTU encoder=0 frame=0 layer=0 ctu=57 row=5 col=7] DONE stage=analysis pred_mode=2 depth=0 rd_cost=72812 bits=3725 owner=FrameEncoder-0
[event=000287] 2026-09-24 10:00:20.212891 [thread=FrameEncoder id=6173044736] frameencoder.cpp:1791 [CTU encoder=0 frame=0 layer=0 ctu=57 row=5 col=7] BEGIN stage=row-context object=CUData@0x88ab4f758 owner=FrameEncoder-0
[event=000288] 2026-09-24 10:00:20.212944 [thread=FrameEncoder id=6173044736] frameencoder.cpp:1795 [CTU encoder=0 frame=0 layer=0 ctu=57 row=5 col=7] DONE stage=row-context owner=FrameEncoder-0
[event=000289] 2026-09-24 10:00:20.212948 [thread=FrameEncoder id=6173044736] frameencoder.cpp:1769 [CTU encoder=0 frame=0 layer=0 ctu=58 row=5 col=8] BEGIN stage=analysis object=CUData@0x88ab4f970 owner=FrameEncoder-0
[event=000290] 2026-09-24 10:00:20.213327 [thread=FrameEncoder id=6173044736] frameencoder.cpp:1775 [CTU encoder=0 frame=0 layer=0 ctu=58 row=5 col=8] DONE stage=analysis pred_mode=2 depth=1 rd_cost=48355 bits=2309 owner=FrameEncoder-0
[event=000291] 2026-09-24 10:00:20.213333 [thread=FrameEncoder id=6173044736] frameencoder.cpp:1791 [CTU encoder=0 frame=0 layer=0 ctu=58 row=5 col=8] BEGIN stage=row-context object=CUData@0x88ab4f970 owner=FrameEncoder-0
[event=000292] 2026-09-24 10:00:20.213366 [thread=FrameEncoder id=6173044736] frameencoder.cpp:1795 [CTU encoder=0 frame=0 layer=0 ctu=58 row=5 col=8] DONE stage=row-context owner=FrameEncoder-0
[event=000293] 2026-09-24 10:00:20.213370 [thread=FrameEncoder id=6173044736] frameencoder.cpp:1769 [CTU encoder=0 frame=0 layer=0 ctu=59 row=5 col=9] BEGIN stage=analysis object=CUData@0x88ab4fb88 owner=FrameEncoder-0
[event=000294] 2026-09-24 10:00:20.213512 [thread=FrameEncoder id=6173044736] frameencoder.cpp:1775 [CTU encoder=0 frame=0 layer=0 ctu=59 row=5 col=9] DONE stage=analysis pred_mode=2 depth=0 rd_cost=131 bits=10 owner=FrameEncoder-0
[event=000295] 2026-09-24 10:00:20.213517 [thread=FrameEncoder id=6173044736] frameencoder.cpp:1791 [CTU encoder=0 frame=0 layer=0 ctu=59 row=5 col=9] BEGIN stage=row-context object=CUData@0x88ab4fb88 owner=FrameEncoder-0
[event=000296] 2026-09-24 10:00:20.213521 [thread=FrameEncoder id=6173044736] frameencoder.cpp:1795 [CTU encoder=0 frame=0 layer=0 ctu=59 row=5 col=9] DONE stage=row-context owner=FrameEncoder-0
[event=000297] 2026-09-24 10:00:20.213551 [thread=FrameEncoder id=6173044736] frameencoder.cpp:1769 [CTU encoder=0 frame=0 layer=0 ctu=60 row=6 col=0] BEGIN stage=analysis object=CUData@0x88ab4fda0 owner=FrameEncoder-0
[event=000298] 2026-09-24 10:00:20.213693 [thread=FrameEncoder id=6173044736] frameencoder.cpp:1775 [CTU encoder=0 frame=0 layer=0 ctu=60 row=6 col=0] DONE stage=analysis pred_mode=2 depth=0 rd_cost=65 bits=5 owner=FrameEncoder-0
[event=000299] 2026-09-24 10:00:20.213698 [thread=FrameEncoder id=6173044736] frameencoder.cpp:1791 [CTU encoder=0 frame=0 layer=0 ctu=60 row=6 col=0] BEGIN stage=row-context object=CUData@0x88ab4fda0 owner=FrameEncoder-0
[event=000300] 2026-09-24 10:00:20.213702 [thread=FrameEncoder id=6173044736] frameencoder.cpp:1795 [CTU encoder=0 frame=0 layer=0 ctu=60 row=6 col=0] DONE stage=row-context owner=FrameEncoder-0
[event=000301] 2026-09-24 10:00:20.213706 [thread=FrameEncoder id=6173044736] frameencoder.cpp:1769 [CTU encoder=0 frame=0 layer=0 ctu=61 row=6 col=1] BEGIN stage=analysis object=CUData@0x88ab4ffb8 owner=FrameEncoder-0
[event=000302] 2026-09-24 10:00:20.213898 [thread=FrameEncoder id=6173044736] frameencoder.cpp:1775 [CTU encoder=0 frame=0 layer=0 ctu=61 row=6 col=1] DONE stage=analysis pred_mode=2 depth=1 rd_cost=1293 bits=19 owner=FrameEncoder-0
[event=000303] 2026-09-24 10:00:20.213902 [thread=FrameEncoder id=6173044736] frameencoder.cpp:1791 [CTU encoder=0 frame=0 layer=0 ctu=61 row=6 col=1] BEGIN stage=row-context object=CUData@0x88ab4ffb8 owner=FrameEncoder-0
[event=000304] 2026-09-24 10:00:20.213907 [thread=FrameEncoder id=6173044736] frameencoder.cpp:1795 [CTU encoder=0 frame=0 layer=0 ctu=61 row=6 col=1] DONE stage=row-context owner=FrameEncoder-0
[event=000305] 2026-09-24 10:00:20.213911 [thread=FrameEncoder id=6173044736] frameencoder.cpp:1769 [CTU encoder=0 frame=0 layer=0 ctu=62 row=6 col=2] BEGIN stage=analysis object=CUData@0x88ab501d0 owner=FrameEncoder-0
[event=000306] 2026-09-24 10:00:20.214075 [thread=FrameEncoder id=6173044736] frameencoder.cpp:1775 [CTU encoder=0 frame=0 layer=0 ctu=62 row=6 col=2] DONE stage=analysis pred_mode=2 depth=0 rd_cost=329 bits=25 owner=FrameEncoder-0
[event=000307] 2026-09-24 10:00:20.214080 [thread=FrameEncoder id=6173044736] frameencoder.cpp:1791 [CTU encoder=0 frame=0 layer=0 ctu=62 row=6 col=2] BEGIN stage=row-context object=CUData@0x88ab501d0 owner=FrameEncoder-0
[event=000308] 2026-09-24 10:00:20.214084 [thread=FrameEncoder id=6173044736] frameencoder.cpp:1795 [CTU encoder=0 frame=0 layer=0 ctu=62 row=6 col=2] DONE stage=row-context owner=FrameEncoder-0
[event=000309] 2026-09-24 10:00:20.214096 [thread=FrameEncoder id=6173044736] frameencoder.cpp:1769 [CTU encoder=0 frame=0 layer=0 ctu=63 row=6 col=3] BEGIN stage=analysis object=CUData@0x88ab503e8 owner=FrameEncoder-0
[event=000310] 2026-09-24 10:00:20.214280 [thread=FrameEncoder id=6173044736] frameencoder.cpp:1775 [CTU encoder=0 frame=0 layer=0 ctu=63 row=6 col=3] DONE stage=analysis pred_mode=2 depth=0 rd_cost=1165 bits=10 owner=FrameEncoder-0
[event=000311] 2026-09-24 10:00:20.214284 [thread=FrameEncoder id=6173044736] frameencoder.cpp:1791 [CTU encoder=0 frame=0 layer=0 ctu=63 row=6 col=3] BEGIN stage=row-context object=CUData@0x88ab503e8 owner=FrameEncoder-0
[event=000312] 2026-09-24 10:00:20.214288 [thread=FrameEncoder id=6173044736] frameencoder.cpp:1795 [CTU encoder=0 frame=0 layer=0 ctu=63 row=6 col=3] DONE stage=row-context owner=FrameEncoder-0
[event=000313] 2026-09-24 10:00:20.214297 [thread=FrameEncoder id=6173044736] frameencoder.cpp:1769 [CTU encoder=0 frame=0 layer=0 ctu=64 row=6 col=4] BEGIN stage=analysis object=CUData@0x88ab50600 owner=FrameEncoder-0
[event=000314] 2026-09-24 10:00:20.214443 [thread=FrameEncoder id=6173044736] frameencoder.cpp:1775 [CTU encoder=0 frame=0 layer=0 ctu=64 row=6 col=4] DONE stage=analysis pred_mode=2 depth=0 rd_cost=52 bits=4 owner=FrameEncoder-0
[event=000315] 2026-09-24 10:00:20.214448 [thread=FrameEncoder id=6173044736] frameencoder.cpp:1791 [CTU encoder=0 frame=0 layer=0 ctu=64 row=6 col=4] BEGIN stage=row-context object=CUData@0x88ab50600 owner=FrameEncoder-0
[event=000316] 2026-09-24 10:00:20.214452 [thread=FrameEncoder id=6173044736] frameencoder.cpp:1795 [CTU encoder=0 frame=0 layer=0 ctu=64 row=6 col=4] DONE stage=row-context owner=FrameEncoder-0
[event=000317] 2026-09-24 10:00:20.214456 [thread=FrameEncoder id=6173044736] frameencoder.cpp:1769 [CTU encoder=0 frame=0 layer=0 ctu=65 row=6 col=5] BEGIN stage=analysis object=CUData@0x88ab50818 owner=FrameEncoder-0
[event=000318] 2026-09-24 10:00:20.214599 [thread=FrameEncoder id=6173044736] frameencoder.cpp:1775 [CTU encoder=0 frame=0 layer=0 ctu=65 row=6 col=5] DONE stage=analysis pred_mode=2 depth=0 rd_cost=39 bits=3 owner=FrameEncoder-0
[event=000319] 2026-09-24 10:00:20.214604 [thread=FrameEncoder id=6173044736] frameencoder.cpp:1791 [CTU encoder=0 frame=0 layer=0 ctu=65 row=6 col=5] BEGIN stage=row-context object=CUData@0x88ab50818 owner=FrameEncoder-0
[event=000320] 2026-09-24 10:00:20.214608 [thread=FrameEncoder id=6173044736] frameencoder.cpp:1795 [CTU encoder=0 frame=0 layer=0 ctu=65 row=6 col=5] DONE stage=row-context owner=FrameEncoder-0
[event=000321] 2026-09-24 10:00:20.214612 [thread=FrameEncoder id=6173044736] frameencoder.cpp:1769 [CTU encoder=0 frame=0 layer=0 ctu=66 row=6 col=6] BEGIN stage=analysis object=CUData@0x88ab50a30 owner=FrameEncoder-0
[event=000322] 2026-09-24 10:00:20.214837 [thread=FrameEncoder id=6173044736] frameencoder.cpp:1775 [CTU encoder=0 frame=0 layer=0 ctu=66 row=6 col=6] DONE stage=analysis pred_mode=2 depth=1 rd_cost=19529 bits=933 owner=FrameEncoder-0
[event=000323] 2026-09-24 10:00:20.214841 [thread=FrameEncoder id=6173044736] frameencoder.cpp:1791 [CTU encoder=0 frame=0 layer=0 ctu=66 row=6 col=6] BEGIN stage=row-context object=CUData@0x88ab50a30 owner=FrameEncoder-0
[event=000324] 2026-09-24 10:00:20.214859 [thread=FrameEncoder id=6173044736] frameencoder.cpp:1795 [CTU encoder=0 frame=0 layer=0 ctu=66 row=6 col=6] DONE stage=row-context owner=FrameEncoder-0
[event=000325] 2026-09-24 10:00:20.214863 [thread=FrameEncoder id=6173044736] frameencoder.cpp:1769 [CTU encoder=0 frame=0 layer=0 ctu=67 row=6 col=7] BEGIN stage=analysis object=CUData@0x88ab50c48 owner=FrameEncoder-0
[event=000326] 2026-09-24 10:00:20.215217 [thread=FrameEncoder id=6173044736] frameencoder.cpp:1775 [CTU encoder=0 frame=0 layer=0 ctu=67 row=6 col=7] DONE stage=analysis pred_mode=2 depth=1 rd_cost=31726 bits=1392 owner=FrameEncoder-0
[event=000327] 2026-09-24 10:00:20.215238 [thread=FrameEncoder id=6173044736] frameencoder.cpp:1791 [CTU encoder=0 frame=0 layer=0 ctu=67 row=6 col=7] BEGIN stage=row-context object=CUData@0x88ab50c48 owner=FrameEncoder-0
[event=000328] 2026-09-24 10:00:20.215276 [thread=FrameEncoder id=6173044736] frameencoder.cpp:1795 [CTU encoder=0 frame=0 layer=0 ctu=67 row=6 col=7] DONE stage=row-context owner=FrameEncoder-0
[event=000329] 2026-09-24 10:00:20.215282 [thread=FrameEncoder id=6173044736] frameencoder.cpp:1769 [CTU encoder=0 frame=0 layer=0 ctu=68 row=6 col=8] BEGIN stage=analysis object=CUData@0x88ab50e60 owner=FrameEncoder-0
[event=000330] 2026-09-24 10:00:20.215535 [thread=FrameEncoder id=6173044736] frameencoder.cpp:1775 [CTU encoder=0 frame=0 layer=0 ctu=68 row=6 col=8] DONE stage=analysis pred_mode=2 depth=1 rd_cost=19097 bits=872 owner=FrameEncoder-0
[event=000331] 2026-09-24 10:00:20.215543 [thread=FrameEncoder id=6173044736] frameencoder.cpp:1791 [CTU encoder=0 frame=0 layer=0 ctu=68 row=6 col=8] BEGIN stage=row-context object=CUData@0x88ab50e60 owner=FrameEncoder-0
[event=000332] 2026-09-24 10:00:20.215560 [thread=FrameEncoder id=6173044736] frameencoder.cpp:1795 [CTU encoder=0 frame=0 layer=0 ctu=68 row=6 col=8] DONE stage=row-context owner=FrameEncoder-0
[event=000333] 2026-09-24 10:00:20.215564 [thread=FrameEncoder id=6173044736] frameencoder.cpp:1769 [CTU encoder=0 frame=0 layer=0 ctu=69 row=6 col=9] BEGIN stage=analysis object=CUData@0x88ab51078 owner=FrameEncoder-0
[event=000334] 2026-09-24 10:00:20.215708 [thread=FrameEncoder id=6173044736] frameencoder.cpp:1775 [CTU encoder=0 frame=0 layer=0 ctu=69 row=6 col=9] DONE stage=analysis pred_mode=2 depth=0 rd_cost=65 bits=5 owner=FrameEncoder-0
[event=000335] 2026-09-24 10:00:20.215713 [thread=FrameEncoder id=6173044736] frameencoder.cpp:1791 [CTU encoder=0 frame=0 layer=0 ctu=69 row=6 col=9] BEGIN stage=row-context object=CUData@0x88ab51078 owner=FrameEncoder-0
[event=000336] 2026-09-24 10:00:20.215719 [thread=FrameEncoder id=6173044736] frameencoder.cpp:1795 [CTU encoder=0 frame=0 layer=0 ctu=69 row=6 col=9] DONE stage=row-context owner=FrameEncoder-0
[event=000337] 2026-09-24 10:00:20.215754 [thread=FrameEncoder id=6173044736] frameencoder.cpp:1769 [CTU encoder=0 frame=0 layer=0 ctu=70 row=7 col=0] BEGIN stage=analysis object=CUData@0x88ab51290 owner=FrameEncoder-0
[event=000338] 2026-09-24 10:00:20.215834 [thread=FrameEncoder id=6173044736] frameencoder.cpp:1775 [CTU encoder=0 frame=0 layer=0 ctu=70 row=7 col=0] DONE stage=analysis pred_mode=2 depth=1 rd_cost=92 bits=7 owner=FrameEncoder-0
[event=000339] 2026-09-24 10:00:20.215846 [thread=FrameEncoder id=6173044736] frameencoder.cpp:1791 [CTU encoder=0 frame=0 layer=0 ctu=70 row=7 col=0] BEGIN stage=row-context object=CUData@0x88ab51290 owner=FrameEncoder-0
[event=000340] 2026-09-24 10:00:20.215851 [thread=FrameEncoder id=6173044736] frameencoder.cpp:1795 [CTU encoder=0 frame=0 layer=0 ctu=70 row=7 col=0] DONE stage=row-context owner=FrameEncoder-0
[event=000341] 2026-09-24 10:00:20.215855 [thread=FrameEncoder id=6173044736] frameencoder.cpp:1769 [CTU encoder=0 frame=0 layer=0 ctu=71 row=7 col=1] BEGIN stage=analysis object=CUData@0x88ab514a8 owner=FrameEncoder-0
[event=000342] 2026-09-24 10:00:20.215914 [thread=FrameEncoder id=6173044736] frameencoder.cpp:1775 [CTU encoder=0 frame=0 layer=0 ctu=71 row=7 col=1] DONE stage=analysis pred_mode=2 depth=1 rd_cost=626 bits=8 owner=FrameEncoder-0
[event=000343] 2026-09-24 10:00:20.215921 [thread=FrameEncoder id=6173044736] frameencoder.cpp:1791 [CTU encoder=0 frame=0 layer=0 ctu=71 row=7 col=1] BEGIN stage=row-context object=CUData@0x88ab514a8 owner=FrameEncoder-0
[event=000344] 2026-09-24 10:00:20.215925 [thread=FrameEncoder id=6173044736] frameencoder.cpp:1795 [CTU encoder=0 frame=0 layer=0 ctu=71 row=7 col=1] DONE stage=row-context owner=FrameEncoder-0
[event=000345] 2026-09-24 10:00:20.215929 [thread=FrameEncoder id=6173044736] frameencoder.cpp:1769 [CTU encoder=0 frame=0 layer=0 ctu=72 row=7 col=2] BEGIN stage=analysis object=CUData@0x88ab516c0 owner=FrameEncoder-0
[event=000346] 2026-09-24 10:00:20.215977 [thread=FrameEncoder id=6173044736] frameencoder.cpp:1775 [CTU encoder=0 frame=0 layer=0 ctu=72 row=7 col=2] DONE stage=analysis pred_mode=2 depth=1 rd_cost=65 bits=5 owner=FrameEncoder-0
[event=000347] 2026-09-24 10:00:20.215988 [thread=FrameEncoder id=6173044736] frameencoder.cpp:1791 [CTU encoder=0 frame=0 layer=0 ctu=72 row=7 col=2] BEGIN stage=row-context object=CUData@0x88ab516c0 owner=FrameEncoder-0
[event=000348] 2026-09-24 10:00:20.215992 [thread=FrameEncoder id=6173044736] frameencoder.cpp:1795 [CTU encoder=0 frame=0 layer=0 ctu=72 row=7 col=2] DONE stage=row-context owner=FrameEncoder-0
[event=000349] 2026-09-24 10:00:20.215996 [thread=FrameEncoder id=6173044736] frameencoder.cpp:1769 [CTU encoder=0 frame=0 layer=0 ctu=73 row=7 col=3] BEGIN stage=analysis object=CUData@0x88ab518d8 owner=FrameEncoder-0
[event=000350] 2026-09-24 10:00:20.216045 [thread=FrameEncoder id=6173044736] frameencoder.cpp:1775 [CTU encoder=0 frame=0 layer=0 ctu=73 row=7 col=3] DONE stage=analysis pred_mode=2 depth=1 rd_cost=582 bits=5 owner=FrameEncoder-0
[event=000351] 2026-09-24 10:00:20.216050 [thread=FrameEncoder id=6173044736] frameencoder.cpp:1791 [CTU encoder=0 frame=0 layer=0 ctu=73 row=7 col=3] BEGIN stage=row-context object=CUData@0x88ab518d8 owner=FrameEncoder-0
[event=000352] 2026-09-24 10:00:20.216054 [thread=FrameEncoder id=6173044736] frameencoder.cpp:1795 [CTU encoder=0 frame=0 layer=0 ctu=73 row=7 col=3] DONE stage=row-context owner=FrameEncoder-0
[event=000353] 2026-09-24 10:00:20.216061 [thread=FrameEncoder id=6173044736] frameencoder.cpp:1769 [CTU encoder=0 frame=0 layer=0 ctu=74 row=7 col=4] BEGIN stage=analysis object=CUData@0x88ab51af0 owner=FrameEncoder-0
[event=000354] 2026-09-24 10:00:20.216107 [thread=FrameEncoder id=6173044736] frameencoder.cpp:1775 [CTU encoder=0 frame=0 layer=0 ctu=74 row=7 col=4] DONE stage=analysis pred_mode=2 depth=1 rd_cost=52 bits=4 owner=FrameEncoder-0
[event=000355] 2026-09-24 10:00:20.216111 [thread=FrameEncoder id=6173044736] frameencoder.cpp:1791 [CTU encoder=0 frame=0 layer=0 ctu=74 row=7 col=4] BEGIN stage=row-context object=CUData@0x88ab51af0 owner=FrameEncoder-0
[event=000356] 2026-09-24 10:00:20.216115 [thread=FrameEncoder id=6173044736] frameencoder.cpp:1795 [CTU encoder=0 frame=0 layer=0 ctu=74 row=7 col=4] DONE stage=row-context owner=FrameEncoder-0
[event=000357] 2026-09-24 10:00:20.216119 [thread=FrameEncoder id=6173044736] frameencoder.cpp:1769 [CTU encoder=0 frame=0 layer=0 ctu=75 row=7 col=5] BEGIN stage=analysis object=CUData@0x88ab51d08 owner=FrameEncoder-0
[event=000358] 2026-09-24 10:00:20.216162 [thread=FrameEncoder id=6173044736] frameencoder.cpp:1775 [CTU encoder=0 frame=0 layer=0 ctu=75 row=7 col=5] DONE stage=analysis pred_mode=2 depth=1 rd_cost=52 bits=4 owner=FrameEncoder-0
[event=000359] 2026-09-24 10:00:20.216167 [thread=FrameEncoder id=6173044736] frameencoder.cpp:1791 [CTU encoder=0 frame=0 layer=0 ctu=75 row=7 col=5] BEGIN stage=row-context object=CUData@0x88ab51d08 owner=FrameEncoder-0
[event=000360] 2026-09-24 10:00:20.216171 [thread=FrameEncoder id=6173044736] frameencoder.cpp:1795 [CTU encoder=0 frame=0 layer=0 ctu=75 row=7 col=5] DONE stage=row-context owner=FrameEncoder-0
[event=000361] 2026-09-24 10:00:20.216175 [thread=FrameEncoder id=6173044736] frameencoder.cpp:1769 [CTU encoder=0 frame=0 layer=0 ctu=76 row=7 col=6] BEGIN stage=analysis object=CUData@0x88ab51f20 owner=FrameEncoder-0
[event=000362] 2026-09-24 10:00:20.216227 [thread=FrameEncoder id=6173044736] frameencoder.cpp:1775 [CTU encoder=0 frame=0 layer=0 ctu=76 row=7 col=6] DONE stage=analysis pred_mode=2 depth=1 rd_cost=1017 bits=45 owner=FrameEncoder-0
[event=000363] 2026-09-24 10:00:20.216232 [thread=FrameEncoder id=6173044736] frameencoder.cpp:1791 [CTU encoder=0 frame=0 layer=0 ctu=76 row=7 col=6] BEGIN stage=row-context object=CUData@0x88ab51f20 owner=FrameEncoder-0
[event=000364] 2026-09-24 10:00:20.216237 [thread=FrameEncoder id=6173044736] frameencoder.cpp:1795 [CTU encoder=0 frame=0 layer=0 ctu=76 row=7 col=6] DONE stage=row-context owner=FrameEncoder-0
[event=000365] 2026-09-24 10:00:20.216241 [thread=FrameEncoder id=6173044736] frameencoder.cpp:1769 [CTU encoder=0 frame=0 layer=0 ctu=77 row=7 col=7] BEGIN stage=analysis object=CUData@0x88ab52138 owner=FrameEncoder-0
[event=000366] 2026-09-24 10:00:20.216293 [thread=FrameEncoder id=6173044736] frameencoder.cpp:1775 [CTU encoder=0 frame=0 layer=0 ctu=77 row=7 col=7] DONE stage=analysis pred_mode=2 depth=1 rd_cost=52 bits=4 owner=FrameEncoder-0
[event=000367] 2026-09-24 10:00:20.216297 [thread=FrameEncoder id=6173044736] frameencoder.cpp:1791 [CTU encoder=0 frame=0 layer=0 ctu=77 row=7 col=7] BEGIN stage=row-context object=CUData@0x88ab52138 owner=FrameEncoder-0
[event=000368] 2026-09-24 10:00:20.216301 [thread=FrameEncoder id=6173044736] frameencoder.cpp:1795 [CTU encoder=0 frame=0 layer=0 ctu=77 row=7 col=7] DONE stage=row-context owner=FrameEncoder-0
[event=000369] 2026-09-24 10:00:20.216305 [thread=FrameEncoder id=6173044736] frameencoder.cpp:1769 [CTU encoder=0 frame=0 layer=0 ctu=78 row=7 col=8] BEGIN stage=analysis object=CUData@0x88ab52350 owner=FrameEncoder-0
[event=000370] 2026-09-24 10:00:20.216360 [thread=FrameEncoder id=6173044736] frameencoder.cpp:1775 [CTU encoder=0 frame=0 layer=0 ctu=78 row=7 col=8] DONE stage=analysis pred_mode=2 depth=1 rd_cost=1163 bits=61 owner=FrameEncoder-0
[event=000371] 2026-09-24 10:00:20.216364 [thread=FrameEncoder id=6173044736] frameencoder.cpp:1791 [CTU encoder=0 frame=0 layer=0 ctu=78 row=7 col=8] BEGIN stage=row-context object=CUData@0x88ab52350 owner=FrameEncoder-0
[event=000372] 2026-09-24 10:00:20.216370 [thread=FrameEncoder id=6173044736] frameencoder.cpp:1795 [CTU encoder=0 frame=0 layer=0 ctu=78 row=7 col=8] DONE stage=row-context owner=FrameEncoder-0
[event=000373] 2026-09-24 10:00:20.216374 [thread=FrameEncoder id=6173044736] frameencoder.cpp:1769 [CTU encoder=0 frame=0 layer=0 ctu=79 row=7 col=9] BEGIN stage=analysis object=CUData@0x88ab52568 owner=FrameEncoder-0
[event=000374] 2026-09-24 10:00:20.216416 [thread=FrameEncoder id=6173044736] frameencoder.cpp:1775 [CTU encoder=0 frame=0 layer=0 ctu=79 row=7 col=9] DONE stage=analysis pred_mode=2 depth=1 rd_cost=52 bits=4 owner=FrameEncoder-0
[event=000375] 2026-09-24 10:00:20.216420 [thread=FrameEncoder id=6173044736] frameencoder.cpp:1791 [CTU encoder=0 frame=0 layer=0 ctu=79 row=7 col=9] BEGIN stage=row-context object=CUData@0x88ab52568 owner=FrameEncoder-0
[event=000376] 2026-09-24 10:00:20.216424 [thread=FrameEncoder id=6173044736] frameencoder.cpp:1795 [CTU encoder=0 frame=0 layer=0 ctu=79 row=7 col=9] DONE stage=row-context owner=FrameEncoder-0
[event=000377] 2026-09-24 10:00:20.216476 [thread=FrameEncoder id=6173044736] nal.cpp:195 [BITSTREAM stage=substream-serialize] BEGIN stream_count=1 owner=FrameEncoder
[event=000378] 2026-09-24 10:00:20.216492 [thread=FrameEncoder id=6173044736] nal.cpp:252 [BITSTREAM stage=substream-serialize] DONE stream_count=1 bytes=7370 max_stream_bytes=0 owner=FrameEncoder
[event=000379] 2026-09-24 10:00:20.216496 [thread=FrameEncoder id=6173044736] nal.cpp:78 [BITSTREAM stage=nal-serialize nal_index=4 nal_type=20 layer=0 temporal_id=1] BEGIN rbsp=0x88b06e000 rbsp_bytes=2 annexb=1 owner=FrameEncoder
[event=000380] 2026-09-24 10:00:20.216505 [thread=FrameEncoder id=6173044736] nal.cpp:186 [BITSTREAM stage=nal-serialize nal_index=4 nal_type=20] DONE payload=0x88b420948 bytes=7377 access_unit_bytes=9753 owner=FrameEncoder
[event=000381] 2026-09-24 10:00:20.216510 [thread=FrameEncoder id=6173044736] frameencoder.cpp:1324 [FRAME encoder=0 frame=0 layer=0] DONE object=Frame@0x88aab4000 stage=compress nals=5 access_unit_bits=59536 elapsed_us=24935 owner=FrameEncoder-0
[event=000382] 2026-09-24 10:00:20.216515 [thread=FrameEncoder id=6173044736] frameencoder.cpp:379 [CHANNEL channel=frame-done encoder=0 frame=0] PUBLISH object=Frame@0x88aab4000 nals=5 owner_before=FrameEncoder-0 owner_after=Encoder
[event=000383] 2026-09-24 10:00:20.216524 [thread=FrameEncoder id=6173044736] frameencoder.cpp:383 [CHANNEL channel=frame-start encoder=0] WAIT_BEGIN reason=no-frame owner=FrameEncoder-0
[event=000384] 2026-09-24 10:00:20.216534 [thread=PassEncoder id=6173618176] frameencoder.cpp:2649 [CHANNEL channel=frame-done encoder=0 frame=0] WAIT_END reason=frame-complete object=Frame@0x88aab4000 owner=Encoder
[event=000385] 2026-09-24 10:00:20.216544 [thread=PassEncoder id=6173618176] nal.cpp:47 [OWNERSHIP object=nal-buffer@0x88b420000] TRANSFER_BEGIN bytes=9753 nal_count=5 owner_before=FrameEncoder owner_after=Encoder
[event=000386] 2026-09-24 10:00:20.216548 [thread=PassEncoder id=6173618176] nal.cpp:64 [OWNERSHIP object=nal-buffer@0x88b420000] TRANSFER_DONE bytes=9753 nal_count=5 replacement=0x88b422800 owner=Encoder
[event=000387] 2026-09-24 10:00:20.216552 [thread=PassEncoder id=6173618176] frameencoder.cpp:2661 [CHANNEL channel=nal-output encoder=0 frame=0] RECEIVE nal_count=5 buffer=0x88b420000 bytes=9753 owner_before=FrameEncoder-0 owner_after=Encoder
[event=000388] 2026-09-24 10:00:20.216556 [thread=PassEncoder id=6173618176] encoder.cpp:2034 [CHANNEL channel=frame-done encoder=0 frame=0] RECEIVE object=Frame@0x88aab4000 nals=5 owner_before=FrameEncoder owner_after=Encoder
[event=000389] 2026-09-24 10:00:20.216583 [thread=PassEncoder id=6173618176] encoder.cpp:2614 [ENCODER stage=encode] END mode=submit returned=1 delayed=0 nal_count=5 owner=Encoder
[event=000390] 2026-09-24 10:00:20.216591 [thread=PassEncoder id=6173618176] abrEncApp.cpp:1033 [ENCODER-API call=encoder_encode pass=0 frame=0] RETURN encoded=1 nal_count=5 nals=0x88a8b2c40 owner_before=Encoder owner_after=PassEncoder
[event=000391] 2026-09-24 10:00:20.216596 [thread=PassEncoder id=6173618176] raw.cpp:85 [OUTPUT kind=frame frame=0] WRITE_BEGIN destination=raw-output@0x2047e8540 nal_count=5 owner=PassEncoder
[event=000392] 2026-09-24 10:00:20.216600 [thread=PassEncoder id=6173618176] raw.cpp:91 [OUTPUT kind=frame frame=0 nal_index=0 nal_type=32] WRITE payload=0x88b420000 bytes=28 destination=raw-output@0x2047e8540 owner=PassEncoder
[event=000393] 2026-09-24 10:00:20.216621 [thread=PassEncoder id=6173618176] raw.cpp:91 [OUTPUT kind=frame frame=0 nal_index=1 nal_type=33] WRITE payload=0x88b42001c bytes=42 destination=raw-output@0x2047e8540 owner=PassEncoder
[event=000394] 2026-09-24 10:00:20.216625 [thread=PassEncoder id=6173618176] raw.cpp:91 [OUTPUT kind=frame frame=0 nal_index=2 nal_type=34] WRITE payload=0x88b420046 bytes=10 destination=raw-output@0x2047e8540 owner=PassEncoder
[event=000395] 2026-09-24 10:00:20.216629 [thread=PassEncoder id=6173618176] raw.cpp:91 [OUTPUT kind=frame frame=0 nal_index=3 nal_type=39] WRITE payload=0x88b420050 bytes=2296 destination=raw-output@0x2047e8540 owner=PassEncoder
[event=000396] 2026-09-24 10:00:20.216633 [thread=PassEncoder id=6173618176] raw.cpp:91 [OUTPUT kind=frame frame=0 nal_index=4 nal_type=20] WRITE payload=0x88b420948 bytes=7377 destination=raw-output@0x2047e8540 owner=PassEncoder
[event=000397] 2026-09-24 10:00:20.216658 [thread=PassEncoder id=6173618176] raw.cpp:99 [OUTPUT kind=frame frame=0] WRITE_DONE bytes=9753 destination=raw-output@0x2047e8540 owner=PassEncoder
[event=000398] 2026-09-24 10:00:20.216677 [thread=PassEncoder id=6173618176] abrEncApp.cpp:1029 [ENCODER-API call=encoder_encode pass=0 frame=-1] CALL input=x265-picture@0x0 pixels=0x0 owner_before=PassEncoder owner_after=Encoder
[event=000399] 2026-09-24 10:00:20.216682 [thread=PassEncoder id=6173618176] encoder.cpp:1490 [ENCODER stage=encode] BEGIN mode=flush input=x265-picture@0x0 input_poc=-1 owner=Encoder delayed=0
[event=000400] 2026-09-24 10:00:20.216687 [thread=PassEncoder id=6173618176] encoder.cpp:2027 [CHANNEL channel=frame-done encoder=0] POLL pass=1 owner=Encoder
[event=000401] 2026-09-24 10:00:20.216691 [thread=PassEncoder id=6173618176] encoder.cpp:2614 [ENCODER stage=encode] END mode=flush returned=0 delayed=0 nal_count=5 owner=Encoder
[event=000402] 2026-09-24 10:00:20.216695 [thread=PassEncoder id=6173618176] abrEncApp.cpp:1033 [ENCODER-API call=encoder_encode pass=0 frame=-1] RETURN encoded=0 nal_count=0 nals=0x88a8b2c40 owner_before=Encoder owner_after=PassEncoder
[event=000403] 2026-09-24 10:00:20.216699 [thread=PassEncoder id=6173618176] abrEncApp.cpp:1085 [ENCODER-API call=encoder_encode pass=0 mode=flush] CALL input=NULL owner_before=PassEncoder owner_after=Encoder
[event=000404] 2026-09-24 10:00:20.216706 [thread=PassEncoder id=6173618176] encoder.cpp:1490 [ENCODER stage=encode] BEGIN mode=flush input=x265-picture@0x0 input_poc=-1 owner=Encoder delayed=0
[event=000405] 2026-09-24 10:00:20.216711 [thread=PassEncoder id=6173618176] encoder.cpp:2027 [CHANNEL channel=frame-done encoder=0] POLL pass=1 owner=Encoder
[event=000406] 2026-09-24 10:00:20.216714 [thread=PassEncoder id=6173618176] encoder.cpp:2614 [ENCODER stage=encode] END mode=flush returned=0 delayed=0 nal_count=5 owner=Encoder
[event=000407] 2026-09-24 10:00:20.216718 [thread=PassEncoder id=6173618176] abrEncApp.cpp:1089 [ENCODER-API call=encoder_encode pass=0 mode=flush] RETURN encoded=0 nal_count=0 nals=0x88a8b2c40 owner_before=Encoder owner_after=PassEncoder
[event=000408] 2026-09-24 10:00:20.216735 [thread=FrameEncoder id=6173044736] frameencoder.cpp:388 [CHANNEL channel=frame-start encoder=0 frame=-1] WAIT_END reason=shutdown object=Frame@0x0 owner=FrameEncoder-0
[event=000409] 2026-09-24 10:00:20.216740 [thread=FrameEncoder id=6173044736] frameencoder.cpp:392 [THREAD worker=FrameEncoder-0 role=frame-worker] STOP owner=FrameEncoder
[event=000410] 2026-09-24 10:00:20.217123 [thread=PassEncoder id=6173618176] abrEncApp.cpp:1177 [THREAD worker=PassEncoder-0 role=encode-coordinator] STOP input_frames=1 output_frames=1
[event=000411] 2026-09-24 10:00:20.217137 [thread=API-0 id=8665295936] x265.cpp:363 [PROCESS stage=encode-wait] ACTIVE_CHANGED active_encodes=0 owner=API-0
[event=000412] 2026-09-24 10:00:20.217150 [thread=API-0 id=8665295936] x265.cpp:379 [PROCESS stage=encode-wait] DONE active_encodes=0 result=0 owner=API-0
[event=000413] 2026-09-24 10:00:20.217155 [thread=API-0 id=8665295936] x265.cpp:382 [PROCESS stage=destroy] BEGIN owner=API-0
[event=000414] 2026-09-24 10:00:20.217184 [thread=YUVRead-0 id=6172471296] yuv.cpp:177 [THREAD worker=YUVRead-0 role=input-reader] STOP reason=input-exhausted channel=yuv-ring
[event=000415] 2026-09-24 10:00:20.217220 [thread=API-0 id=8665295936] x265.cpp:391 [PROCESS stage=destroy] DONE owner=API-0
[event=000416] 2026-09-24 10:00:20.217225 [thread=API-0 id=8665295936] x265.cpp:410 [PROCESS stage=program] STOP result=0 owner=API-0
